

HI-TECH Software PIC18 LITE Macro Assembler V9.80 build 11162 
                                                                                               Fri Mar 26 09:36:26 2021

HI-TECH Software Omniscient Code Generator (Lite mode) build 11162
     1  0000                     opt subtitle "HI-TECH Software Omniscient Code Generator (Lite mode) build 11162"
     2                           
     3                           opt pagewidth 120
     4                           
     5                           	opt lm
     6                           
     7                           	processor	18F4520
     8  0000                     porta	equ	0F80h
     9  0000                     portb	equ	0F81h
    10  0000                     portc	equ	0F82h
    11  0000                     portd	equ	0F83h
    12  0000                     porte	equ	0F84h
    13  0000                     lata	equ	0F89h
    14  0000                     latb	equ	0F8Ah
    15  0000                     latc	equ	0F8Bh
    16  0000                     latd	equ	0F8Ch
    17  0000                     late	equ	0F8Dh
    18  0000                     trisa	equ	0F92h
    19  0000                     trisb	equ	0F93h
    20  0000                     trisc	equ	0F94h
    21  0000                     trisd	equ	0F95h
    22  0000                     trise	equ	0F96h
    23  0000                     pie1	equ	0F9Dh
    24  0000                     pir1	equ	0F9Eh
    25  0000                     ipr1	equ	0F9Fh
    26  0000                     pie2	equ	0FA0h
    27  0000                     pir2	equ	0FA1h
    28  0000                     ipr2	equ	0FA2h
    29  0000                     t3con	equ	0FB1h
    30  0000                     tmr3l	equ	0FB2h
    31  0000                     tmr3h	equ	0FB3h
    32  0000                     ccp1con	equ	0FBDh
    33  0000                     ccpr1l	equ	0FBEh
    34  0000                     ccpr1h	equ	0FBFh
    35  0000                     adcon1	equ	0FC1h
    36  0000                     adcon0	equ	0FC2h
    37  0000                     adresl	equ	0FC3h
    38  0000                     adresh	equ	0FC4h
    39  0000                     sspcon2	equ	0FC5h
    40  0000                     sspcon1	equ	0FC6h
    41  0000                     sspstat	equ	0FC7h
    42  0000                     sspadd	equ	0FC8h
    43  0000                     sspbuf	equ	0FC9h
    44  0000                     t2con	equ	0FCAh
    45  0000                     pr2	equ	0FCBh
    46  0000                     tmr2	equ	0FCCh
    47  0000                     t1con	equ	0FCDh
    48  0000                     tmr1l	equ	0FCEh
    49  0000                     tmr1h	equ	0FCFh
    50  0000                     rcon	equ	0FD0h
    51  0000                     wdtcon	equ	0FD1h
    52  0000                     lvdcon	equ	0FD2h
    53  0000                     osccon	equ	0FD3h
    54  0000                     t0con	equ	0FD5h
    55  0000                     tmr0l	equ	0FD6h
    56  0000                     tmr0h	equ	0FD7h
    57  0000                     status	equ	0FD8h
    58  0000                     fsr2	equ	0FD9h
    59  0000                     fsr2l	equ	0FD9h
    60  0000                     fsr2h	equ	0FDAh
    61  0000                     plusw2	equ	0FDBh
    62  0000                     preinc2	equ	0FDCh
    63  0000                     postdec2	equ	0FDDh
    64  0000                     postinc2	equ	0FDEh
    65  0000                     indf2	equ	0FDFh
    66  0000                     bsr	equ	0FE0h
    67  0000                     fsr1	equ	0FE1h
    68  0000                     fsr1l	equ	0FE1h
    69  0000                     fsr1h	equ	0FE2h
    70  0000                     plusw1	equ	0FE3h
    71  0000                     preinc1	equ	0FE4h
    72  0000                     postdec1	equ	0FE5h
    73  0000                     postinc1	equ	0FE6h
    74  0000                     indf1	equ	0FE7h
    75  0000                     wreg	equ	0FE8h
    76  0000                     fsr0	equ	0FE9h
    77  0000                     fsr0l	equ	0FE9h
    78  0000                     fsr0h	equ	0FEAh
    79  0000                     plusw0	equ	0FEBh
    80  0000                     preinc0	equ	0FECh
    81  0000                     postdec0	equ	0FEDh
    82  0000                     postinc0	equ	0FEEh
    83  0000                     indf0	equ	0FEFh
    84  0000                     intcon3	equ	0FF0h
    85  0000                     intcon2	equ	0FF1h
    86  0000                     intcon	equ	0FF2h
    87  0000                     prod	equ	0FF3h
    88  0000                     prodl	equ	0FF3h
    89  0000                     prodh	equ	0FF4h
    90  0000                     tablat	equ	0FF5h
    91  0000                     tblptr	equ	0FF6h
    92  0000                     tblptrl	equ	0FF6h
    93  0000                     tblptrh	equ	0FF7h
    94  0000                     tblptru	equ	0FF8h
    95  0000                     pcl	equ	0FF9h
    96  0000                     pclat	equ	0FFAh
    97  0000                     pclath	equ	0FFAh
    98  0000                     pclatu	equ	0FFBh
    99  0000                     stkptr	equ	0FFCh
   100  0000                     tosl	equ	0FFDh
   101  0000                     tosh	equ	0FFEh
   102  0000                     tosu	equ	0FFFh
   103                           skipnz macro
   104                           	btfsc	status,2
   105  0000                     	endm
   106                           	global	__ramtop
   107                           	global	__accesstop
   108                           # 19 "C:\Program Files (x86)\HI-TECH Software\PICC-18\9.80\include\pic18f4520.h"
   109  0000                     PORTA equ 0F80h ;# 
   110                           # 90 "C:\Program Files (x86)\HI-TECH Software\PICC-18\9.80\include\pic18f4520.h"
   111  0000                     PORTB equ 0F81h ;# 
   112                           # 139 "C:\Program Files (x86)\HI-TECH Software\PICC-18\9.80\include\pic18f4520.h"
   113  0000                     PORTC equ 0F82h ;# 
   114                           # 194 "C:\Program Files (x86)\HI-TECH Software\PICC-18\9.80\include\pic18f4520.h"
   115  0000                     PORTD equ 0F83h ;# 
   116                           # 236 "C:\Program Files (x86)\HI-TECH Software\PICC-18\9.80\include\pic18f4520.h"
   117  0000                     PORTE equ 0F84h ;# 
   118                           # 365 "C:\Program Files (x86)\HI-TECH Software\PICC-18\9.80\include\pic18f4520.h"
   119  0000                     LATA equ 0F89h ;# 
   120                           # 418 "C:\Program Files (x86)\HI-TECH Software\PICC-18\9.80\include\pic18f4520.h"
   121  0000                     LATB equ 0F8Ah ;# 
   122                           # 471 "C:\Program Files (x86)\HI-TECH Software\PICC-18\9.80\include\pic18f4520.h"
   123  0000                     LATC equ 0F8Bh ;# 
   124                           # 524 "C:\Program Files (x86)\HI-TECH Software\PICC-18\9.80\include\pic18f4520.h"
   125  0000                     LATD equ 0F8Ch ;# 
   126                           # 577 "C:\Program Files (x86)\HI-TECH Software\PICC-18\9.80\include\pic18f4520.h"
   127  0000                     LATE equ 0F8Dh ;# 
   128                           # 625 "C:\Program Files (x86)\HI-TECH Software\PICC-18\9.80\include\pic18f4520.h"
   129  0000                     TRISA equ 0F92h ;# 
   130                           # 630 "C:\Program Files (x86)\HI-TECH Software\PICC-18\9.80\include\pic18f4520.h"
   131  0000                     DDRA equ 0F92h ;# 
   132                           # 688 "C:\Program Files (x86)\HI-TECH Software\PICC-18\9.80\include\pic18f4520.h"
   133  0000                     TRISB equ 0F93h ;# 
   134                           # 693 "C:\Program Files (x86)\HI-TECH Software\PICC-18\9.80\include\pic18f4520.h"
   135  0000                     DDRB equ 0F93h ;# 
   136                           # 751 "C:\Program Files (x86)\HI-TECH Software\PICC-18\9.80\include\pic18f4520.h"
   137  0000                     TRISC equ 0F94h ;# 
   138                           # 756 "C:\Program Files (x86)\HI-TECH Software\PICC-18\9.80\include\pic18f4520.h"
   139  0000                     DDRC equ 0F94h ;# 
   140                           # 814 "C:\Program Files (x86)\HI-TECH Software\PICC-18\9.80\include\pic18f4520.h"
   141  0000                     TRISD equ 0F95h ;# 
   142                           # 819 "C:\Program Files (x86)\HI-TECH Software\PICC-18\9.80\include\pic18f4520.h"
   143  0000                     DDRD equ 0F95h ;# 
   144                           # 877 "C:\Program Files (x86)\HI-TECH Software\PICC-18\9.80\include\pic18f4520.h"
   145  0000                     TRISE equ 0F96h ;# 
   146                           # 882 "C:\Program Files (x86)\HI-TECH Software\PICC-18\9.80\include\pic18f4520.h"
   147  0000                     DDRE equ 0F96h ;# 
   148                           # 932 "C:\Program Files (x86)\HI-TECH Software\PICC-18\9.80\include\pic18f4520.h"
   149  0000                     OSCTUNE equ 0F9Bh ;# 
   150                           # 954 "C:\Program Files (x86)\HI-TECH Software\PICC-18\9.80\include\pic18f4520.h"
   151  0000                     PIE1 equ 0F9Dh ;# 
   152                           # 981 "C:\Program Files (x86)\HI-TECH Software\PICC-18\9.80\include\pic18f4520.h"
   153  0000                     PIR1 equ 0F9Eh ;# 
   154                           # 1017 "C:\Program Files (x86)\HI-TECH Software\PICC-18\9.80\include\pic18f4520.h"
   155  0000                     IPR1 equ 0F9Fh ;# 
   156                           # 1044 "C:\Program Files (x86)\HI-TECH Software\PICC-18\9.80\include\pic18f4520.h"
   157  0000                     PIE2 equ 0FA0h ;# 
   158                           # 1067 "C:\Program Files (x86)\HI-TECH Software\PICC-18\9.80\include\pic18f4520.h"
   159  0000                     PIR2 equ 0FA1h ;# 
   160                           # 1090 "C:\Program Files (x86)\HI-TECH Software\PICC-18\9.80\include\pic18f4520.h"
   161  0000                     IPR2 equ 0FA2h ;# 
   162                           # 1113 "C:\Program Files (x86)\HI-TECH Software\PICC-18\9.80\include\pic18f4520.h"
   163  0000                     EECON1 equ 0FA6h ;# 
   164                           # 1136 "C:\Program Files (x86)\HI-TECH Software\PICC-18\9.80\include\pic18f4520.h"
   165  0000                     EECON2 equ 0FA7h ;# 
   166                           # 1148 "C:\Program Files (x86)\HI-TECH Software\PICC-18\9.80\include\pic18f4520.h"
   167  0000                     EEDATA equ 0FA8h ;# 
   168                           # 1160 "C:\Program Files (x86)\HI-TECH Software\PICC-18\9.80\include\pic18f4520.h"
   169  0000                     EEADR equ 0FA9h ;# 
   170                           # 1172 "C:\Program Files (x86)\HI-TECH Software\PICC-18\9.80\include\pic18f4520.h"
   171  0000                     RCSTA equ 0FABh ;# 
   172                           # 1177 "C:\Program Files (x86)\HI-TECH Software\PICC-18\9.80\include\pic18f4520.h"
   173  0000                     RCSTA1 equ 0FABh ;# 
   174                           # 1225 "C:\Program Files (x86)\HI-TECH Software\PICC-18\9.80\include\pic18f4520.h"
   175  0000                     TXSTA equ 0FACh ;# 
   176                           # 1230 "C:\Program Files (x86)\HI-TECH Software\PICC-18\9.80\include\pic18f4520.h"
   177  0000                     TXSTA1 equ 0FACh ;# 
   178                           # 1324 "C:\Program Files (x86)\HI-TECH Software\PICC-18\9.80\include\pic18f4520.h"
   179  0000                     TXREG equ 0FADh ;# 
   180                           # 1329 "C:\Program Files (x86)\HI-TECH Software\PICC-18\9.80\include\pic18f4520.h"
   181  0000                     TXREG1 equ 0FADh ;# 
   182                           # 1347 "C:\Program Files (x86)\HI-TECH Software\PICC-18\9.80\include\pic18f4520.h"
   183  0000                     RCREG equ 0FAEh ;# 
   184                           # 1352 "C:\Program Files (x86)\HI-TECH Software\PICC-18\9.80\include\pic18f4520.h"
   185  0000                     RCREG1 equ 0FAEh ;# 
   186                           # 1370 "C:\Program Files (x86)\HI-TECH Software\PICC-18\9.80\include\pic18f4520.h"
   187  0000                     SPBRG equ 0FAFh ;# 
   188                           # 1375 "C:\Program Files (x86)\HI-TECH Software\PICC-18\9.80\include\pic18f4520.h"
   189  0000                     SPBRG1 equ 0FAFh ;# 
   190                           # 1393 "C:\Program Files (x86)\HI-TECH Software\PICC-18\9.80\include\pic18f4520.h"
   191  0000                     SPBRGH equ 0FB0h ;# 
   192                           # 1405 "C:\Program Files (x86)\HI-TECH Software\PICC-18\9.80\include\pic18f4520.h"
   193  0000                     T3CON equ 0FB1h ;# 
   194                           # 1446 "C:\Program Files (x86)\HI-TECH Software\PICC-18\9.80\include\pic18f4520.h"
   195  0000                     TMR3 equ 0FB2h ;# 
   196                           # 1458 "C:\Program Files (x86)\HI-TECH Software\PICC-18\9.80\include\pic18f4520.h"
   197  0000                     TMR3L equ 0FB2h ;# 
   198                           # 1470 "C:\Program Files (x86)\HI-TECH Software\PICC-18\9.80\include\pic18f4520.h"
   199  0000                     TMR3H equ 0FB3h ;# 
   200                           # 1482 "C:\Program Files (x86)\HI-TECH Software\PICC-18\9.80\include\pic18f4520.h"
   201  0000                     CMCON equ 0FB4h ;# 
   202                           # 1515 "C:\Program Files (x86)\HI-TECH Software\PICC-18\9.80\include\pic18f4520.h"
   203  0000                     CVRCON equ 0FB5h ;# 
   204                           # 1541 "C:\Program Files (x86)\HI-TECH Software\PICC-18\9.80\include\pic18f4520.h"
   205  0000                     ECCP1AS equ 0FB6h ;# 
   206                           # 1546 "C:\Program Files (x86)\HI-TECH Software\PICC-18\9.80\include\pic18f4520.h"
   207  0000                     ECCPAS equ 0FB6h ;# 
   208                           # 1588 "C:\Program Files (x86)\HI-TECH Software\PICC-18\9.80\include\pic18f4520.h"
   209  0000                     PWM1CON equ 0FB7h ;# 
   210                           # 1593 "C:\Program Files (x86)\HI-TECH Software\PICC-18\9.80\include\pic18f4520.h"
   211  0000                     ECCP1DEL equ 0FB7h ;# 
   212                           # 1631 "C:\Program Files (x86)\HI-TECH Software\PICC-18\9.80\include\pic18f4520.h"
   213  0000                     BAUDCON equ 0FB8h ;# 
   214                           # 1636 "C:\Program Files (x86)\HI-TECH Software\PICC-18\9.80\include\pic18f4520.h"
   215  0000                     BAUDCTL equ 0FB8h ;# 
   216                           # 1696 "C:\Program Files (x86)\HI-TECH Software\PICC-18\9.80\include\pic18f4520.h"
   217  0000                     CCP2CON equ 0FBAh ;# 
   218                           # 1722 "C:\Program Files (x86)\HI-TECH Software\PICC-18\9.80\include\pic18f4520.h"
   219  0000                     CCPR2 equ 0FBBh ;# 
   220                           # 1734 "C:\Program Files (x86)\HI-TECH Software\PICC-18\9.80\include\pic18f4520.h"
   221  0000                     CCPR2L equ 0FBBh ;# 
   222                           # 1746 "C:\Program Files (x86)\HI-TECH Software\PICC-18\9.80\include\pic18f4520.h"
   223  0000                     CCPR2H equ 0FBCh ;# 
   224                           # 1758 "C:\Program Files (x86)\HI-TECH Software\PICC-18\9.80\include\pic18f4520.h"
   225  0000                     CCP1CON equ 0FBDh ;# 
   226                           # 1787 "C:\Program Files (x86)\HI-TECH Software\PICC-18\9.80\include\pic18f4520.h"
   227  0000                     CCPR1 equ 0FBEh ;# 
   228                           # 1799 "C:\Program Files (x86)\HI-TECH Software\PICC-18\9.80\include\pic18f4520.h"
   229  0000                     CCPR1L equ 0FBEh ;# 
   230                           # 1811 "C:\Program Files (x86)\HI-TECH Software\PICC-18\9.80\include\pic18f4520.h"
   231  0000                     CCPR1H equ 0FBFh ;# 
   232                           # 1823 "C:\Program Files (x86)\HI-TECH Software\PICC-18\9.80\include\pic18f4520.h"
   233  0000                     ADCON2 equ 0FC0h ;# 
   234                           # 1846 "C:\Program Files (x86)\HI-TECH Software\PICC-18\9.80\include\pic18f4520.h"
   235  0000                     ADCON1 equ 0FC1h ;# 
   236                           # 1879 "C:\Program Files (x86)\HI-TECH Software\PICC-18\9.80\include\pic18f4520.h"
   237  0000                     ADCON0 equ 0FC2h ;# 
   238                           # 1934 "C:\Program Files (x86)\HI-TECH Software\PICC-18\9.80\include\pic18f4520.h"
   239  0000                     ADRES equ 0FC3h ;# 
   240                           # 1946 "C:\Program Files (x86)\HI-TECH Software\PICC-18\9.80\include\pic18f4520.h"
   241  0000                     ADRESL equ 0FC3h ;# 
   242                           # 1958 "C:\Program Files (x86)\HI-TECH Software\PICC-18\9.80\include\pic18f4520.h"
   243  0000                     ADRESH equ 0FC4h ;# 
   244                           # 1970 "C:\Program Files (x86)\HI-TECH Software\PICC-18\9.80\include\pic18f4520.h"
   245  0000                     SSPCON2 equ 0FC5h ;# 
   246                           # 1997 "C:\Program Files (x86)\HI-TECH Software\PICC-18\9.80\include\pic18f4520.h"
   247  0000                     SSPCON1 equ 0FC6h ;# 
   248                           # 2019 "C:\Program Files (x86)\HI-TECH Software\PICC-18\9.80\include\pic18f4520.h"
   249  0000                     SSPSTAT equ 0FC7h ;# 
   250                           # 2126 "C:\Program Files (x86)\HI-TECH Software\PICC-18\9.80\include\pic18f4520.h"
   251  0000                     SSPADD equ 0FC8h ;# 
   252                           # 2138 "C:\Program Files (x86)\HI-TECH Software\PICC-18\9.80\include\pic18f4520.h"
   253  0000                     SSPBUF equ 0FC9h ;# 
   254                           # 2150 "C:\Program Files (x86)\HI-TECH Software\PICC-18\9.80\include\pic18f4520.h"
   255  0000                     T2CON equ 0FCAh ;# 
   256                           # 2180 "C:\Program Files (x86)\HI-TECH Software\PICC-18\9.80\include\pic18f4520.h"
   257  0000                     PR2 equ 0FCBh ;# 
   258                           # 2185 "C:\Program Files (x86)\HI-TECH Software\PICC-18\9.80\include\pic18f4520.h"
   259  0000                     MEMCON equ 0FCBh ;# 
   260                           # 2203 "C:\Program Files (x86)\HI-TECH Software\PICC-18\9.80\include\pic18f4520.h"
   261  0000                     TMR2 equ 0FCCh ;# 
   262                           # 2215 "C:\Program Files (x86)\HI-TECH Software\PICC-18\9.80\include\pic18f4520.h"
   263  0000                     T1CON equ 0FCDh ;# 
   264                           # 2252 "C:\Program Files (x86)\HI-TECH Software\PICC-18\9.80\include\pic18f4520.h"
   265  0000                     TMR1 equ 0FCEh ;# 
   266                           # 2264 "C:\Program Files (x86)\HI-TECH Software\PICC-18\9.80\include\pic18f4520.h"
   267  0000                     TMR1L equ 0FCEh ;# 
   268                           # 2276 "C:\Program Files (x86)\HI-TECH Software\PICC-18\9.80\include\pic18f4520.h"
   269  0000                     TMR1H equ 0FCFh ;# 
   270                           # 2288 "C:\Program Files (x86)\HI-TECH Software\PICC-18\9.80\include\pic18f4520.h"
   271  0000                     RCON equ 0FD0h ;# 
   272                           # 2333 "C:\Program Files (x86)\HI-TECH Software\PICC-18\9.80\include\pic18f4520.h"
   273  0000                     WDTCON equ 0FD1h ;# 
   274                           # 2348 "C:\Program Files (x86)\HI-TECH Software\PICC-18\9.80\include\pic18f4520.h"
   275  0000                     HLVDCON equ 0FD2h ;# 
   276                           # 2353 "C:\Program Files (x86)\HI-TECH Software\PICC-18\9.80\include\pic18f4520.h"
   277  0000                     LVDCON equ 0FD2h ;# 
   278                           # 2423 "C:\Program Files (x86)\HI-TECH Software\PICC-18\9.80\include\pic18f4520.h"
   279  0000                     OSCCON equ 0FD3h ;# 
   280                           # 2448 "C:\Program Files (x86)\HI-TECH Software\PICC-18\9.80\include\pic18f4520.h"
   281  0000                     T0CON equ 0FD5h ;# 
   282                           # 2473 "C:\Program Files (x86)\HI-TECH Software\PICC-18\9.80\include\pic18f4520.h"
   283  0000                     TMR0 equ 0FD6h ;# 
   284                           # 2485 "C:\Program Files (x86)\HI-TECH Software\PICC-18\9.80\include\pic18f4520.h"
   285  0000                     TMR0L equ 0FD6h ;# 
   286                           # 2497 "C:\Program Files (x86)\HI-TECH Software\PICC-18\9.80\include\pic18f4520.h"
   287  0000                     TMR0H equ 0FD7h ;# 
   288                           # 2509 "C:\Program Files (x86)\HI-TECH Software\PICC-18\9.80\include\pic18f4520.h"
   289  0000                     STATUS equ 0FD8h ;# 
   290                           # 2540 "C:\Program Files (x86)\HI-TECH Software\PICC-18\9.80\include\pic18f4520.h"
   291  0000                     FSR2 equ 0FD9h ;# 
   292                           # 2552 "C:\Program Files (x86)\HI-TECH Software\PICC-18\9.80\include\pic18f4520.h"
   293  0000                     FSR2L equ 0FD9h ;# 
   294                           # 2564 "C:\Program Files (x86)\HI-TECH Software\PICC-18\9.80\include\pic18f4520.h"
   295  0000                     FSR2H equ 0FDAh ;# 
   296                           # 2576 "C:\Program Files (x86)\HI-TECH Software\PICC-18\9.80\include\pic18f4520.h"
   297  0000                     PLUSW2 equ 0FDBh ;# 
   298                           # 2588 "C:\Program Files (x86)\HI-TECH Software\PICC-18\9.80\include\pic18f4520.h"
   299  0000                     PREINC2 equ 0FDCh ;# 
   300                           # 2600 "C:\Program Files (x86)\HI-TECH Software\PICC-18\9.80\include\pic18f4520.h"
   301  0000                     POSTDEC2 equ 0FDDh ;# 
   302                           # 2612 "C:\Program Files (x86)\HI-TECH Software\PICC-18\9.80\include\pic18f4520.h"
   303  0000                     POSTINC2 equ 0FDEh ;# 
   304                           # 2624 "C:\Program Files (x86)\HI-TECH Software\PICC-18\9.80\include\pic18f4520.h"
   305  0000                     INDF2 equ 0FDFh ;# 
   306                           # 2636 "C:\Program Files (x86)\HI-TECH Software\PICC-18\9.80\include\pic18f4520.h"
   307  0000                     BSR equ 0FE0h ;# 
   308                           # 2648 "C:\Program Files (x86)\HI-TECH Software\PICC-18\9.80\include\pic18f4520.h"
   309  0000                     FSR1 equ 0FE1h ;# 
   310                           # 2660 "C:\Program Files (x86)\HI-TECH Software\PICC-18\9.80\include\pic18f4520.h"
   311  0000                     FSR1L equ 0FE1h ;# 
   312                           # 2672 "C:\Program Files (x86)\HI-TECH Software\PICC-18\9.80\include\pic18f4520.h"
   313  0000                     FSR1H equ 0FE2h ;# 
   314                           # 2684 "C:\Program Files (x86)\HI-TECH Software\PICC-18\9.80\include\pic18f4520.h"
   315  0000                     PLUSW1 equ 0FE3h ;# 
   316                           # 2696 "C:\Program Files (x86)\HI-TECH Software\PICC-18\9.80\include\pic18f4520.h"
   317  0000                     PREINC1 equ 0FE4h ;# 
   318                           # 2708 "C:\Program Files (x86)\HI-TECH Software\PICC-18\9.80\include\pic18f4520.h"
   319  0000                     POSTDEC1 equ 0FE5h ;# 
   320                           # 2720 "C:\Program Files (x86)\HI-TECH Software\PICC-18\9.80\include\pic18f4520.h"
   321  0000                     POSTINC1 equ 0FE6h ;# 
   322                           # 2732 "C:\Program Files (x86)\HI-TECH Software\PICC-18\9.80\include\pic18f4520.h"
   323  0000                     INDF1 equ 0FE7h ;# 
   324                           # 2744 "C:\Program Files (x86)\HI-TECH Software\PICC-18\9.80\include\pic18f4520.h"
   325  0000                     WREG equ 0FE8h ;# 
   326                           # 2767 "C:\Program Files (x86)\HI-TECH Software\PICC-18\9.80\include\pic18f4520.h"
   327  0000                     FSR0 equ 0FE9h ;# 
   328                           # 2779 "C:\Program Files (x86)\HI-TECH Software\PICC-18\9.80\include\pic18f4520.h"
   329  0000                     FSR0L equ 0FE9h ;# 
   330                           # 2791 "C:\Program Files (x86)\HI-TECH Software\PICC-18\9.80\include\pic18f4520.h"
   331  0000                     FSR0H equ 0FEAh ;# 
   332                           # 2803 "C:\Program Files (x86)\HI-TECH Software\PICC-18\9.80\include\pic18f4520.h"
   333  0000                     PLUSW0 equ 0FEBh ;# 
   334                           # 2815 "C:\Program Files (x86)\HI-TECH Software\PICC-18\9.80\include\pic18f4520.h"
   335  0000                     PREINC0 equ 0FECh ;# 
   336                           # 2827 "C:\Program Files (x86)\HI-TECH Software\PICC-18\9.80\include\pic18f4520.h"
   337  0000                     POSTDEC0 equ 0FEDh ;# 
   338                           # 2839 "C:\Program Files (x86)\HI-TECH Software\PICC-18\9.80\include\pic18f4520.h"
   339  0000                     POSTINC0 equ 0FEEh ;# 
   340                           # 2851 "C:\Program Files (x86)\HI-TECH Software\PICC-18\9.80\include\pic18f4520.h"
   341  0000                     INDF0 equ 0FEFh ;# 
   342                           # 2863 "C:\Program Files (x86)\HI-TECH Software\PICC-18\9.80\include\pic18f4520.h"
   343  0000                     INTCON3 equ 0FF0h ;# 
   344                           # 2892 "C:\Program Files (x86)\HI-TECH Software\PICC-18\9.80\include\pic18f4520.h"
   345  0000                     INTCON2 equ 0FF1h ;# 
   346                           # 2919 "C:\Program Files (x86)\HI-TECH Software\PICC-18\9.80\include\pic18f4520.h"
   347  0000                     INTCON equ 0FF2h ;# 
   348                           # 2983 "C:\Program Files (x86)\HI-TECH Software\PICC-18\9.80\include\pic18f4520.h"
   349  0000                     PROD equ 0FF3h ;# 
   350                           # 2995 "C:\Program Files (x86)\HI-TECH Software\PICC-18\9.80\include\pic18f4520.h"
   351  0000                     PRODL equ 0FF3h ;# 
   352                           # 3007 "C:\Program Files (x86)\HI-TECH Software\PICC-18\9.80\include\pic18f4520.h"
   353  0000                     PRODH equ 0FF4h ;# 
   354                           # 3019 "C:\Program Files (x86)\HI-TECH Software\PICC-18\9.80\include\pic18f4520.h"
   355  0000                     TABLAT equ 0FF5h ;# 
   356                           # 3031 "C:\Program Files (x86)\HI-TECH Software\PICC-18\9.80\include\pic18f4520.h"
   357  0000                     TBLPTR equ 0FF6h ;# 
   358                           # 3044 "C:\Program Files (x86)\HI-TECH Software\PICC-18\9.80\include\pic18f4520.h"
   359  0000                     TBLPTRL equ 0FF6h ;# 
   360                           # 3056 "C:\Program Files (x86)\HI-TECH Software\PICC-18\9.80\include\pic18f4520.h"
   361  0000                     TBLPTRH equ 0FF7h ;# 
   362                           # 3068 "C:\Program Files (x86)\HI-TECH Software\PICC-18\9.80\include\pic18f4520.h"
   363  0000                     TBLPTRU equ 0FF8h ;# 
   364                           # 3081 "C:\Program Files (x86)\HI-TECH Software\PICC-18\9.80\include\pic18f4520.h"
   365  0000                     PCLAT equ 0FF9h ;# 
   366                           # 3086 "C:\Program Files (x86)\HI-TECH Software\PICC-18\9.80\include\pic18f4520.h"
   367  0000                     PC equ 0FF9h ;# 
   368                           # 3104 "C:\Program Files (x86)\HI-TECH Software\PICC-18\9.80\include\pic18f4520.h"
   369  0000                     PCL equ 0FF9h ;# 
   370                           # 3116 "C:\Program Files (x86)\HI-TECH Software\PICC-18\9.80\include\pic18f4520.h"
   371  0000                     PCLATH equ 0FFAh ;# 
   372                           # 3128 "C:\Program Files (x86)\HI-TECH Software\PICC-18\9.80\include\pic18f4520.h"
   373  0000                     PCLATU equ 0FFBh ;# 
   374                           # 3140 "C:\Program Files (x86)\HI-TECH Software\PICC-18\9.80\include\pic18f4520.h"
   375  0000                     STKPTR equ 0FFCh ;# 
   376                           # 3164 "C:\Program Files (x86)\HI-TECH Software\PICC-18\9.80\include\pic18f4520.h"
   377  0000                     TOS equ 0FFDh ;# 
   378                           # 3176 "C:\Program Files (x86)\HI-TECH Software\PICC-18\9.80\include\pic18f4520.h"
   379  0000                     TOSL equ 0FFDh ;# 
   380                           # 3188 "C:\Program Files (x86)\HI-TECH Software\PICC-18\9.80\include\pic18f4520.h"
   381  0000                     TOSH equ 0FFEh ;# 
   382                           # 3200 "C:\Program Files (x86)\HI-TECH Software\PICC-18\9.80\include\pic18f4520.h"
   383  0000                     TOSU equ 0FFFh ;# 
   384                           	FNROOT	_main
   385                           	FNCALL	intlevel2,_chk_isr
   386                           	global	intlevel2
   387                           	FNROOT	intlevel2
   388                           	global	_PORTD
   389  0000                     _PORTD	set	0xF83
   390                           	global	_T1CON
   391  0000                     _T1CON	set	0xFCD
   392                           	global	_TMR1H
   393  0000                     _TMR1H	set	0xFCF
   394                           	global	_TMR1L
   395  0000                     _TMR1L	set	0xFCE
   396                           	global	_TRISA
   397  0000                     _TRISA	set	0xF92
   398                           	global	_TRISB
   399  0000                     _TRISB	set	0xF93
   400                           	global	_TRISC
   401  0000                     _TRISC	set	0xF94
   402                           	global	_TRISD
   403  0000                     _TRISD	set	0xF95
   404                           	global	_GIE
   405  0000                     _GIE	set	0x7F97
   406                           	global	_PEIE
   407  0000                     _PEIE	set	0x7F96
   408                           	global	_RA6
   409  0000                     _RA6	set	0x7C06
   410                           	global	_RC4
   411  0000                     _RC4	set	0x7C14
   412                           	global	_RD4
   413  0000                     _RD4	set	0x7C1C
   414                           	global	_TMR1IE
   415  0000                     _TMR1IE	set	0x7CE8
   416                           	global	_TMR1IF
   417  0000                     _TMR1IF	set	0x7CF0
   418                           	global	_TMR1ON
   419  0000                     _TMR1ON	set	0x7E68
   420                           psect	intcode_body,class=CODE,space=0,reloc=2
   421                           global __pintcode_body
   422  00001C                     __pintcode_body:
   423                           ; #config settings
   424                           	file	"time.as"
   425                           	line	#
   426                           psect	cinit,class=CODE,delta=1,reloc=2
   427                           global __pcinit
   428  0000D4                     __pcinit:
   429                           global start_initialization
   430  0000D4                     start_initialization:
   431                           
   432                           psect cinit,class=CODE,delta=1
   433                           global end_of_initialization
   434                           
   435                           ;End of C runtime variable initialization code
   436                           
   437  0000D4                     end_of_initialization:
   438  0000D4  0100               movlb 0
   439  0000D6  EF4D  F000         goto _main	;jump to C main() function
   440                           psect	cstackCOMRAM,class=COMRAM,space=1
   441                           global __pcstackCOMRAM
   442  000001                     __pcstackCOMRAM:
   443                           	global	??_chk_isr
   444  000001                     ??_chk_isr:	; 0 bytes @ 0x0
   445                           	global	?_main
   446  000001                     ?_main:	; 2 bytes @ 0x0
   447                           	global	?_chk_isr
   448  000001                     ?_chk_isr:	; 2 bytes @ 0x0
   449  000001                     	ds   14
   450                           	global	??_main
   451  00000F                     ??_main:	; 0 bytes @ 0xE
   452                           ;!
   453                           ;!Data Sizes:
   454                           ;!    Strings     0
   455                           ;!    Constant    0
   456                           ;!    Data        0
   457                           ;!    BSS         0
   458                           ;!    Persistent  0
   459                           ;!    Stack       0
   460                           ;!
   461                           ;!Auto Spaces:
   462                           ;!    Space          Size  Autos    Used
   463                           ;!    COMRAM          127     14      14
   464                           ;!    BANK0           128      0       0
   465                           ;!    BANK1           256      0       0
   466                           ;!    BANK2           256      0       0
   467                           ;!    BANK3           256      0       0
   468                           ;!    BANK4           256      0       0
   469                           ;!    BANK5           256      0       0
   470                           
   471                           ;!
   472                           ;!Pointer List with Targets:
   473                           ;!
   474                           ;!    None.
   475                           
   476                           
   477                           ;!
   478                           ;!Critical Paths under _main in COMRAM
   479                           ;!
   480                           ;!    None.
   481                           ;!
   482                           ;!Critical Paths under _chk_isr in COMRAM
   483                           ;!
   484                           ;!    None.
   485                           ;!
   486                           ;!Critical Paths under _main in BANK0
   487                           ;!
   488                           ;!    None.
   489                           ;!
   490                           ;!Critical Paths under _chk_isr in BANK0
   491                           ;!
   492                           ;!    None.
   493                           ;!
   494                           ;!Critical Paths under _main in BANK1
   495                           ;!
   496                           ;!    None.
   497                           ;!
   498                           ;!Critical Paths under _chk_isr in BANK1
   499                           ;!
   500                           ;!    None.
   501                           ;!
   502                           ;!Critical Paths under _main in BANK2
   503                           ;!
   504                           ;!    None.
   505                           ;!
   506                           ;!Critical Paths under _chk_isr in BANK2
   507                           ;!
   508                           ;!    None.
   509                           ;!
   510                           ;!Critical Paths under _main in BANK3
   511                           ;!
   512                           ;!    None.
   513                           ;!
   514                           ;!Critical Paths under _chk_isr in BANK3
   515                           ;!
   516                           ;!    None.
   517                           ;!
   518                           ;!Critical Paths under _main in BANK4
   519                           ;!
   520                           ;!    None.
   521                           ;!
   522                           ;!Critical Paths under _chk_isr in BANK4
   523                           ;!
   524                           ;!    None.
   525                           ;!
   526                           ;!Critical Paths under _main in BANK5
   527                           ;!
   528                           ;!    None.
   529                           ;!
   530                           ;!Critical Paths under _chk_isr in BANK5
   531                           ;!
   532                           ;!    None.
   533                           
   534 ;;
   535 ;;Main: autosize = 0, tempsize = 0, incstack = 0, save=0
   536 ;;
   537                           
   538                           ;!
   539                           ;!Call Graph Tables:
   540                           ;!
   541                           ;! ---------------------------------------------------------------------------------
   542                           ;! (Depth) Function   	        Calls       Base Space   Used Autos Params    Refs
   543                           ;! ---------------------------------------------------------------------------------
   544                           ;! (0) _main                                                 0     0      0       0
   545                           ;! ---------------------------------------------------------------------------------
   546                           ;! Estimated maximum stack depth 0
   547                           ;! ---------------------------------------------------------------------------------
   548                           ;! (Depth) Function   	        Calls       Base Space   Used Autos Params    Refs
   549                           ;! ---------------------------------------------------------------------------------
   550                           ;! (1) _chk_isr                                             14    14      0       0
   551                           ;!                                              0 COMRAM    14    14      0
   552                           ;! ---------------------------------------------------------------------------------
   553                           ;! Estimated maximum stack depth 1
   554                           ;! ---------------------------------------------------------------------------------
   555                           ;!
   556                           ;! Call Graph Graphs:
   557                           ;!
   558                           ;! _main (ROOT)
   559                           ;!
   560                           ;! _chk_isr (ROOT)
   561                           ;!
   562                           
   563                           ;! Address spaces:
   564                           
   565                           ;!Name               Size   Autos  Total    Cost      Usage
   566                           ;!BITCOMRAM           7F      0       0       0        0.0%
   567                           ;!EEDATA             100      0       0       0        0.0%
   568                           ;!NULL                 0      0       0       0        0.0%
   569                           ;!CODE                 0      0       0       0        0.0%
   570                           ;!COMRAM              7F      E       E       1       11.0%
   571                           ;!STACK                0      0       0       2        0.0%
   572                           ;!DATA                 0      0       0       3        0.0%
   573                           ;!BITBANK0            80      0       0       4        0.0%
   574                           ;!BANK0               80      0       0       5        0.0%
   575                           ;!BITBANK1           100      0       0       6        0.0%
   576                           ;!BANK1              100      0       0       7        0.0%
   577                           ;!BITBANK2           100      0       0       8        0.0%
   578                           ;!BANK2              100      0       0       9        0.0%
   579                           ;!BITBANK3           100      0       0      10        0.0%
   580                           ;!BANK3              100      0       0      11        0.0%
   581                           ;!BITBANK4           100      0       0      12        0.0%
   582                           ;!BANK4              100      0       0      13        0.0%
   583                           ;!BANK5              100      0       0      14        0.0%
   584                           ;!ABS                  0      0       0      15        0.0%
   585                           ;!BITBANK5           100      0       0      16        0.0%
   586                           ;!BIGRAM             5FF      0       0      17        0.0%
   587                           ;!BITSFR               0      0       0      40        0.0%
   588                           ;!SFR                  0      0       0      40        0.0%
   589                           
   590                           	global	_main
   591                           
   592 ;; *************** function _main *****************
   593 ;; Defined at:
   594 ;;		line 2 in file "D:\Aumrudh Documents\mepco\lab\sem6-Lab\embedded\even\embedded\ex4\timer\timer_int.c"
   595 ;; Parameters:    Size  Location     Type
   596 ;;		None
   597 ;; Auto vars:     Size  Location     Type
   598 ;;		None
   599 ;; Return value:  Size  Location     Type
   600 ;;                  2   34[COMRAM] int 
   601 ;; Registers used:
   602 ;;		wreg, status,2
   603 ;; Tracked objects:
   604 ;;		On entry : 0/0
   605 ;;		On exit  : 0/0
   606 ;;		Unchanged: 0/0
   607 ;; Data sizes:     COMRAM   BANK0   BANK1   BANK2   BANK3   BANK4   BANK5
   608 ;;      Params:         0       0       0       0       0       0       0
   609 ;;      Locals:         0       0       0       0       0       0       0
   610 ;;      Temps:          0       0       0       0       0       0       0
   611 ;;      Totals:         0       0       0       0       0       0       0
   612 ;;Total ram usage:        0 bytes
   613 ;; Hardware stack levels required when called:    1
   614 ;; This function calls:
   615 ;;		Nothing
   616 ;; This function is called by:
   617 ;;		Startup code after reset
   618 ;; This function uses a non-reentrant model
   619 ;;
   620                           psect	text0,class=CODE,space=0,reloc=2
   621                           global __ptext0
   622  00009A                     __ptext0:
   623                           psect	text0
   624                           	file	"D:\Aumrudh Documents\mepco\lab\sem6-Lab\embedded\even\embedded\ex4\timer\timer_in
                                 t.c"
   625                           	line	2
   626                           	global	__size_of_main
   627  0000                     	__size_of_main	equ	__end_of_main-_main
   628                           	
   629  00009A                     _main:
   630                           	opt	stack 30
   631                           	line	3
   632                           	
   633  00009A                     l621:
   634                           ;timer_int.c: 3: TRISD=0;
   635  00009A  0E00               	movlw	low(0)
   636  00009C  6E95               	movwf	((c:3989)),c	;volatile
   637                           	line	4
   638                           ;timer_int.c: 4: TRISC=0;
   639  00009E  0E00               	movlw	low(0)
   640  0000A0  6E94               	movwf	((c:3988)),c	;volatile
   641                           	line	5
   642                           	
   643  0000A2                     l623:
   644                           ;timer_int.c: 5: TRISB=255;
   645  0000A2  6893               	setf	((c:3987)),c	;volatile
   646                           	line	6
   647                           	
   648  0000A4                     l625:
   649                           ;timer_int.c: 6: TRISA=255;
   650  0000A4  6892               	setf	((c:3986)),c	;volatile
   651                           	line	7
   652                           	
   653  0000A6                     l627:
   654                           ;timer_int.c: 7: RD4=1;
   655  0000A6  8883               	bsf	c:(31772/8),(31772)&7	;volatile
   656                           	line	8
   657                           ;timer_int.c: 8: T1CON=0x00;
   658  0000A8  0E00               	movlw	low(0)
   659  0000AA  6ECD               	movwf	((c:4045)),c	;volatile
   660                           	line	9
   661                           ;timer_int.c: 9: TMR1L=0x6D;
   662  0000AC  0E6D               	movlw	low(06Dh)
   663  0000AE  6ECE               	movwf	((c:4046)),c	;volatile
   664                           	line	10
   665                           ;timer_int.c: 10: TMR1H=0x84;
   666  0000B0  0E84               	movlw	low(084h)
   667  0000B2  6ECF               	movwf	((c:4047)),c	;volatile
   668                           	line	11
   669                           	
   670  0000B4                     l629:
   671                           ;timer_int.c: 11: TMR1ON=1;
   672  0000B4  80CD               	bsf	c:(32360/8),(32360)&7	;volatile
   673                           	line	12
   674                           	
   675  0000B6                     l631:
   676                           ;timer_int.c: 12: GIE=1;
   677  0000B6  8EF2               	bsf	c:(32663/8),(32663)&7	;volatile
   678                           	line	13
   679                           	
   680  0000B8                     l633:
   681                           ;timer_int.c: 13: PEIE=1;
   682  0000B8  8CF2               	bsf	c:(32662/8),(32662)&7	;volatile
   683                           	line	14
   684                           	
   685  0000BA                     l635:
   686                           ;timer_int.c: 14: TMR1IE=1;
   687  0000BA  809D               	bsf	c:(31976/8),(31976)&7	;volatile
   688                           	line	15
   689                           	
   690  0000BC                     l637:
   691                           ;timer_int.c: 15: PORTD=0xFF;
   692  0000BC  6883               	setf	((c:3971)),c	;volatile
   693  0000BE  D000               	goto	l639
   694                           	line	16
   695                           ;timer_int.c: 16: while(1){
   696                           	
   697  0000C0                     l35:
   698                           	line	17
   699                           	
   700  0000C0                     l639:
   701                           ;timer_int.c: 17: RC4=RA6;
   702  0000C0  BC80               	btfsc	c:(31750/8),(31750)&7	;volatile
   703  0000C2  D001               	goto	u11
   704  0000C4  D002               	goto	u10
   705  0000C6                     u11:
   706  0000C6  8882               	bsf	c:(31764/8),(31764)&7	;volatile
   707  0000C8  D001               	goto	u25
   708  0000CA                     u10:
   709  0000CA  9882               	bcf	c:(31764/8),(31764)&7	;volatile
   710  0000CC                     u25:
   711  0000CC  D7F9               	goto	l639
   712                           	line	18
   713                           	
   714  0000CE                     l36:
   715                           	line	16
   716  0000CE  D7F8               	goto	l639
   717                           	
   718  0000D0                     l37:
   719                           	line	19
   720                           	
   721  0000D0                     l38:
   722                           	global	start
   723  0000D0  EF0C  F000         	goto	start
   724                           	opt stack 0
   725                           GLOBAL	__end_of_main
   726  0000D4                     	__end_of_main:
   727                           	signat	_main,90
   728                           	global	_chk_isr
   729                           
   730 ;; *************** function _chk_isr *****************
   731 ;; Defined at:
   732 ;;		line 20 in file "D:\Aumrudh Documents\mepco\lab\sem6-Lab\embedded\even\embedded\ex4\timer\timer_int.c"
   733 ;; Parameters:    Size  Location     Type
   734 ;;		None
   735 ;; Auto vars:     Size  Location     Type
   736 ;;		None
   737 ;; Return value:  Size  Location     Type
   738 ;;                  2   40[COMRAM] int 
   739 ;; Registers used:
   740 ;;		wreg, status,2, status,0
   741 ;; Tracked objects:
   742 ;;		On entry : 0/0
   743 ;;		On exit  : 0/0
   744 ;;		Unchanged: 0/0
   745 ;; Data sizes:     COMRAM   BANK0   BANK1   BANK2   BANK3   BANK4   BANK5
   746 ;;      Params:         0       0       0       0       0       0       0
   747 ;;      Locals:         0       0       0       0       0       0       0
   748 ;;      Temps:         14       0       0       0       0       0       0
   749 ;;      Totals:        14       0       0       0       0       0       0
   750 ;;Total ram usage:       14 bytes
   751 ;; Hardware stack levels used:    1
   752 ;; This function calls:
   753 ;;		Nothing
   754 ;; This function is called by:
   755 ;;		Interrupt level 2
   756 ;; This function uses a non-reentrant model
   757 ;;
   758                           psect	intcode,class=CODE,space=0,reloc=2
   759                           global __pintcode
   760  000008                     __pintcode:
   761                           psect	intcode
   762                           	file	"D:\Aumrudh Documents\mepco\lab\sem6-Lab\embedded\even\embedded\ex4\timer\timer_in
                                 t.c"
   763                           	line	20
   764                           	global	__size_of_chk_isr
   765  0000                     	__size_of_chk_isr	equ	__end_of_chk_isr-_chk_isr
   766                           	
   767  000008                     _chk_isr:
   768                           	opt	stack 30
   769  000008  CFFA F001          	movff	pclat+0,??_chk_isr+0
   770  00000C  CFFB F002          	movff	pclat+1,??_chk_isr+1
   771  000010  CFE9 F003          	movff	fsr0l+0,??_chk_isr+2
   772                           	global	int_func
   773  000014  ED0E  F000         	call	int_func,f	;refresh shadow registers
   774                           psect	intcode_body
   775  00001C                     int_func:
   776                           
   777  00001C  0006               	pop	; remove dummy address from shadow register refresh
   778  00001E  CFEA F004          	movff	fsr0h+0,??_chk_isr+3
   779  000022  CFE1 F005          	movff	fsr1l+0,??_chk_isr+4
   780  000026  CFE2 F006          	movff	fsr1h+0,??_chk_isr+5
   781  00002A  CFD9 F007          	movff	fsr2l+0,??_chk_isr+6
   782  00002E  CFDA F008          	movff	fsr2h+0,??_chk_isr+7
   783  000032  CFF3 F009          	movff	prodl+0,??_chk_isr+8
   784  000036  CFF4 F00A          	movff	prodh+0,??_chk_isr+9
   785  00003A  CFF6 F00B          	movff	tblptrl+0,??_chk_isr+10
   786  00003E  CFF7 F00C          	movff	tblptrh+0,??_chk_isr+11
   787  000042  CFF8 F00D          	movff	tblptru+0,??_chk_isr+12
   788  000046  CFF5 F00E          	movff	tablat+0,??_chk_isr+13
   789                           	line	21
   790                           	
   791  00004A                     i2l641:
   792                           ;timer_int.c: 21: if(TMR1IF==1){
   793  00004A  A09E               	btfss	c:(31984/8),(31984)&7	;volatile
   794  00004C  D001               	goto	i2u3_41
   795  00004E  D001               	goto	i2u3_40
   796  000050                     i2u3_41:
   797  000050  D007               	goto	i2l42
   798  000052                     i2u3_40:
   799                           	line	22
   800                           	
   801  000052                     i2l643:
   802                           ;timer_int.c: 22: PORTD=~PORTD;
   803  000052  1E83               	comf	((c:3971)),c	;volatile
   804                           	line	23
   805                           	
   806  000054                     i2l645:
   807                           ;timer_int.c: 23: TMR1L=0x6D;
   808  000054  0E6D               	movlw	low(06Dh)
   809  000056  6ECE               	movwf	((c:4046)),c	;volatile
   810                           	line	24
   811                           	
   812  000058                     i2l647:
   813                           ;timer_int.c: 24: TMR1H=0x84;
   814  000058  0E84               	movlw	low(084h)
   815  00005A  6ECF               	movwf	((c:4047)),c	;volatile
   816                           	line	25
   817                           	
   818  00005C                     i2l649:
   819                           ;timer_int.c: 25: TMR1IF=0;
   820  00005C  909E               	bcf	c:(31984/8),(31984)&7	;volatile
   821  00005E  D000               	goto	i2l42
   822                           	line	26
   823                           	
   824  000060                     i2l41:
   825                           	line	27
   826                           	
   827  000060                     i2l42:
   828  000060  C00E  FFF5         	movff	??_chk_isr+13,tablat+0
   829  000064  C00D  FFF8         	movff	??_chk_isr+12,tblptru+0
   830  000068  C00C  FFF7         	movff	??_chk_isr+11,tblptrh+0
   831  00006C  C00B  FFF6         	movff	??_chk_isr+10,tblptrl+0
   832  000070  C00A  FFF4         	movff	??_chk_isr+9,prodh+0
   833  000074  C009  FFF3         	movff	??_chk_isr+8,prodl+0
   834  000078  C008  FFDA         	movff	??_chk_isr+7,fsr2h+0
   835  00007C  C007  FFD9         	movff	??_chk_isr+6,fsr2l+0
   836  000080  C006  FFE2         	movff	??_chk_isr+5,fsr1h+0
   837  000084  C005  FFE1         	movff	??_chk_isr+4,fsr1l+0
   838  000088  C004  FFEA         	movff	??_chk_isr+3,fsr0h+0
   839  00008C  C003  FFE9         	movff	??_chk_isr+2,fsr0l+0
   840  000090  C002  FFFB         	movff	??_chk_isr+1,pclat+1
   841  000094  C001  FFFA         	movff	??_chk_isr+0,pclat+0
   842  000098  0011               	retfie f
   843                           	opt stack 0
   844                           GLOBAL	__end_of_chk_isr
   845  00009A                     	__end_of_chk_isr:
   846                           	signat	_chk_isr,90
   847                           	GLOBAL	__activetblptr
   848  0000                     __activetblptr	EQU	0
   849                           	psect	intsave_regs,class=BIGRAM,space=1
   850                           psect	intcode_body
   851                           	PSECT	rparam,class=COMRAM,space=1
   852                           	GLOBAL	__Lrparam
   853                           	FNCONF	rparam,??,?
   854                           GLOBAL	__Lparam, __Hparam
   855                           GLOBAL	__Lrparam, __Hrparam
   856  0000                     __Lparam	EQU	__Lrparam
   857  0000                     __Hparam	EQU	__Hrparam


Data Sizes:
    Strings     0
    Constant    0
    Data        0
    BSS         0
    Persistent  0
    Stack       0

Auto Spaces:
    Space          Size  Autos    Used
    COMRAM          127     14      14
    BANK0           128      0       0
    BANK1           256      0       0
    BANK2           256      0       0
    BANK3           256      0       0
    BANK4           256      0       0
    BANK5           256      0       0

Pointer List with Targets:

    None.

Critical Paths under _main in COMRAM

    None.

Critical Paths under _chk_isr in COMRAM

    None.

Critical Paths under _main in BANK0

    None.

Critical Paths under _chk_isr in BANK0

    None.

Critical Paths under _main in BANK1

    None.

Critical Paths under _chk_isr in BANK1

    None.

Critical Paths under _main in BANK2

    None.

Critical Paths under _chk_isr in BANK2

    None.

Critical Paths under _main in BANK3

    None.

Critical Paths under _chk_isr in BANK3

    None.

Critical Paths under _main in BANK4

    None.

Critical Paths under _chk_isr in BANK4

    None.

Critical Paths under _main in BANK5

    None.

Critical Paths under _chk_isr in BANK5

    None.

Call Graph Tables:

 ---------------------------------------------------------------------------------
 (Depth) Function   	        Calls       Base Space   Used Autos Params    Refs
 ---------------------------------------------------------------------------------
 (0) _main                                                 0     0      0       0
 ---------------------------------------------------------------------------------
 Estimated maximum stack depth 0
 ---------------------------------------------------------------------------------
 (Depth) Function   	        Calls       Base Space   Used Autos Params    Refs
 ---------------------------------------------------------------------------------
 (1) _chk_isr                                             14    14      0       0
                                              0 COMRAM    14    14      0
 ---------------------------------------------------------------------------------
 Estimated maximum stack depth 1
 ---------------------------------------------------------------------------------

 Call Graph Graphs:

 _main (ROOT)

 _chk_isr (ROOT)

 Address spaces:
Name               Size   Autos  Total    Cost      Usage
BITCOMRAM           7F      0       0       0        0.0%
EEDATA             100      0       0       0        0.0%
NULL                 0      0       0       0        0.0%
CODE                 0      0       0       0        0.0%
COMRAM              7F      E       E       1       11.0%
STACK                0      0       0       2        0.0%
DATA                 0      0       0       3        0.0%
BITBANK0            80      0       0       4        0.0%
BANK0               80      0       0       5        0.0%
BITBANK1           100      0       0       6        0.0%
BANK1              100      0       0       7        0.0%
BITBANK2           100      0       0       8        0.0%
BANK2              100      0       0       9        0.0%
BITBANK3           100      0       0      10        0.0%
BANK3              100      0       0      11        0.0%
BITBANK4           100      0       0      12        0.0%
BANK4              100      0       0      13        0.0%
BANK5              100      0       0      14        0.0%
ABS                  0      0       0      15        0.0%
BITBANK5           100      0       0      16        0.0%
BIGRAM             5FF      0       0      17        0.0%
BITSFR               0      0       0      40        0.0%
SFR                  0      0       0      40        0.0%


HI-TECH Software PICC-18 Macro Assembler V9.80 build 11162 
Symbol Table                                                                                   Fri Mar 26 09:36:26 2021

                  l35 00C0                    l36 00CE                    l37 00D0                    l38 00D0  
                  u10 00CA                    u11 00C6                    u25 00CC                   l621 009A  
                 l631 00B6                   l623 00A2                   l633 00B8                   l625 00A4  
                 l635 00BA                   l627 00A6                   l637 00BC                   l629 00B4  
                 l639 00C0                   _GIE 007F97                   _RA6 007C06                   _RC4 007C14  
                 _RD4 007C1C                  _PEIE 007F96                  i2l41 0060                  i2l42 0060  
                _main 009A                  fsr0h 000FEA                  fsr1h 000FE2                  fsr0l 000FE9  
                fsr2h 000FDA                  fsr1l 000FE1                  fsr2l 000FD9                  pclat 000FFA  
                prodh 000FF4                  prodl 000FF3                  start 0018                 ?_main 0001  
               _T1CON 000FCD                 i2l641 004A                 i2l643 0052                 i2l645 0054  
               i2l647 0058                 i2l649 005C                 _TMR1H 000FCF                 _TMR1L 000FCE  
               _PORTD 000F83                 _TRISA 000F92                 _TRISB 000F93                 _TRISC 000F94  
               _TRISD 000F95       __end_of_chk_isr 009A                 tablat 000FF5          __end_of_main 00D4  
              ??_main 000F         __activetblptr 000000                _TMR1IE 007CE8                _TMR1IF 007CF0  
              _TMR1ON 007E68                i2u3_40 0052                i2u3_41 0050             ??_chk_isr 0001  
              tblptrh 000FF7                tblptrl 000FF6                tblptru 000FF8            __accesstop 0080  
      __pcstackCOMRAM 0001               __Hparam 0000               __Lparam 0000               __pcinit 00D4  
             _chk_isr 0008               __ramtop 0600               __ptext0 009A        __pintcode_body 001C  
end_of_initialization 00D4               int_func 001C   start_initialization 00D4             __pintcode 0008  
            ?_chk_isr 0001              __Hrparam 0000              __Lrparam 0000      __size_of_chk_isr 0092  
       __size_of_main 003A              intlevel2 0000  
