

HI-TECH Software PIC18 LITE Macro Assembler V9.80 build 11162 
                                                                                               Sat Mar 13 20:00:07 2021

HI-TECH Software Omniscient Code Generator (Lite mode) build 11162
     1  0000                     opt subtitle "HI-TECH Software Omniscient Code Generator (Lite mode) build 11162"
     2                           
     3                           opt pagewidth 120
     4                           
     5                           	opt lm
     6                           
     7                           	processor	18F4520
     8  0000                     porta	equ	0F80h
     9  0000                     portb	equ	0F81h
    10  0000                     portc	equ	0F82h
    11  0000                     portd	equ	0F83h
    12  0000                     porte	equ	0F84h
    13  0000                     lata	equ	0F89h
    14  0000                     latb	equ	0F8Ah
    15  0000                     latc	equ	0F8Bh
    16  0000                     latd	equ	0F8Ch
    17  0000                     late	equ	0F8Dh
    18  0000                     trisa	equ	0F92h
    19  0000                     trisb	equ	0F93h
    20  0000                     trisc	equ	0F94h
    21  0000                     trisd	equ	0F95h
    22  0000                     trise	equ	0F96h
    23  0000                     pie1	equ	0F9Dh
    24  0000                     pir1	equ	0F9Eh
    25  0000                     ipr1	equ	0F9Fh
    26  0000                     pie2	equ	0FA0h
    27  0000                     pir2	equ	0FA1h
    28  0000                     ipr2	equ	0FA2h
    29  0000                     t3con	equ	0FB1h
    30  0000                     tmr3l	equ	0FB2h
    31  0000                     tmr3h	equ	0FB3h
    32  0000                     ccp1con	equ	0FBDh
    33  0000                     ccpr1l	equ	0FBEh
    34  0000                     ccpr1h	equ	0FBFh
    35  0000                     adcon1	equ	0FC1h
    36  0000                     adcon0	equ	0FC2h
    37  0000                     adresl	equ	0FC3h
    38  0000                     adresh	equ	0FC4h
    39  0000                     sspcon2	equ	0FC5h
    40  0000                     sspcon1	equ	0FC6h
    41  0000                     sspstat	equ	0FC7h
    42  0000                     sspadd	equ	0FC8h
    43  0000                     sspbuf	equ	0FC9h
    44  0000                     t2con	equ	0FCAh
    45  0000                     pr2	equ	0FCBh
    46  0000                     tmr2	equ	0FCCh
    47  0000                     t1con	equ	0FCDh
    48  0000                     tmr1l	equ	0FCEh
    49  0000                     tmr1h	equ	0FCFh
    50  0000                     rcon	equ	0FD0h
    51  0000                     wdtcon	equ	0FD1h
    52  0000                     lvdcon	equ	0FD2h
    53  0000                     osccon	equ	0FD3h
    54  0000                     t0con	equ	0FD5h
    55  0000                     tmr0l	equ	0FD6h
    56  0000                     tmr0h	equ	0FD7h
    57  0000                     status	equ	0FD8h
    58  0000                     fsr2	equ	0FD9h
    59  0000                     fsr2l	equ	0FD9h
    60  0000                     fsr2h	equ	0FDAh
    61  0000                     plusw2	equ	0FDBh
    62  0000                     preinc2	equ	0FDCh
    63  0000                     postdec2	equ	0FDDh
    64  0000                     postinc2	equ	0FDEh
    65  0000                     indf2	equ	0FDFh
    66  0000                     bsr	equ	0FE0h
    67  0000                     fsr1	equ	0FE1h
    68  0000                     fsr1l	equ	0FE1h
    69  0000                     fsr1h	equ	0FE2h
    70  0000                     plusw1	equ	0FE3h
    71  0000                     preinc1	equ	0FE4h
    72  0000                     postdec1	equ	0FE5h
    73  0000                     postinc1	equ	0FE6h
    74  0000                     indf1	equ	0FE7h
    75  0000                     wreg	equ	0FE8h
    76  0000                     fsr0	equ	0FE9h
    77  0000                     fsr0l	equ	0FE9h
    78  0000                     fsr0h	equ	0FEAh
    79  0000                     plusw0	equ	0FEBh
    80  0000                     preinc0	equ	0FECh
    81  0000                     postdec0	equ	0FEDh
    82  0000                     postinc0	equ	0FEEh
    83  0000                     indf0	equ	0FEFh
    84  0000                     intcon3	equ	0FF0h
    85  0000                     intcon2	equ	0FF1h
    86  0000                     intcon	equ	0FF2h
    87  0000                     prod	equ	0FF3h
    88  0000                     prodl	equ	0FF3h
    89  0000                     prodh	equ	0FF4h
    90  0000                     tablat	equ	0FF5h
    91  0000                     tblptr	equ	0FF6h
    92  0000                     tblptrl	equ	0FF6h
    93  0000                     tblptrh	equ	0FF7h
    94  0000                     tblptru	equ	0FF8h
    95  0000                     pcl	equ	0FF9h
    96  0000                     pclat	equ	0FFAh
    97  0000                     pclath	equ	0FFAh
    98  0000                     pclatu	equ	0FFBh
    99  0000                     stkptr	equ	0FFCh
   100  0000                     tosl	equ	0FFDh
   101  0000                     tosh	equ	0FFEh
   102  0000                     tosu	equ	0FFFh
   103                           skipnz macro
   104                           	btfsc	status,2
   105  0000                     	endm
   106                           	global	__ramtop
   107                           	global	__accesstop
   108                           # 19 "C:\Program Files (x86)\HI-TECH Software\PICC-18\9.80\include\pic18f4520.h"
   109  0000                     PORTA equ 0F80h ;# 
   110                           # 90 "C:\Program Files (x86)\HI-TECH Software\PICC-18\9.80\include\pic18f4520.h"
   111  0000                     PORTB equ 0F81h ;# 
   112                           # 139 "C:\Program Files (x86)\HI-TECH Software\PICC-18\9.80\include\pic18f4520.h"
   113  0000                     PORTC equ 0F82h ;# 
   114                           # 194 "C:\Program Files (x86)\HI-TECH Software\PICC-18\9.80\include\pic18f4520.h"
   115  0000                     PORTD equ 0F83h ;# 
   116                           # 236 "C:\Program Files (x86)\HI-TECH Software\PICC-18\9.80\include\pic18f4520.h"
   117  0000                     PORTE equ 0F84h ;# 
   118                           # 365 "C:\Program Files (x86)\HI-TECH Software\PICC-18\9.80\include\pic18f4520.h"
   119  0000                     LATA equ 0F89h ;# 
   120                           # 418 "C:\Program Files (x86)\HI-TECH Software\PICC-18\9.80\include\pic18f4520.h"
   121  0000                     LATB equ 0F8Ah ;# 
   122                           # 471 "C:\Program Files (x86)\HI-TECH Software\PICC-18\9.80\include\pic18f4520.h"
   123  0000                     LATC equ 0F8Bh ;# 
   124                           # 524 "C:\Program Files (x86)\HI-TECH Software\PICC-18\9.80\include\pic18f4520.h"
   125  0000                     LATD equ 0F8Ch ;# 
   126                           # 577 "C:\Program Files (x86)\HI-TECH Software\PICC-18\9.80\include\pic18f4520.h"
   127  0000                     LATE equ 0F8Dh ;# 
   128                           # 625 "C:\Program Files (x86)\HI-TECH Software\PICC-18\9.80\include\pic18f4520.h"
   129  0000                     TRISA equ 0F92h ;# 
   130                           # 630 "C:\Program Files (x86)\HI-TECH Software\PICC-18\9.80\include\pic18f4520.h"
   131  0000                     DDRA equ 0F92h ;# 
   132                           # 688 "C:\Program Files (x86)\HI-TECH Software\PICC-18\9.80\include\pic18f4520.h"
   133  0000                     TRISB equ 0F93h ;# 
   134                           # 693 "C:\Program Files (x86)\HI-TECH Software\PICC-18\9.80\include\pic18f4520.h"
   135  0000                     DDRB equ 0F93h ;# 
   136                           # 751 "C:\Program Files (x86)\HI-TECH Software\PICC-18\9.80\include\pic18f4520.h"
   137  0000                     TRISC equ 0F94h ;# 
   138                           # 756 "C:\Program Files (x86)\HI-TECH Software\PICC-18\9.80\include\pic18f4520.h"
   139  0000                     DDRC equ 0F94h ;# 
   140                           # 814 "C:\Program Files (x86)\HI-TECH Software\PICC-18\9.80\include\pic18f4520.h"
   141  0000                     TRISD equ 0F95h ;# 
   142                           # 819 "C:\Program Files (x86)\HI-TECH Software\PICC-18\9.80\include\pic18f4520.h"
   143  0000                     DDRD equ 0F95h ;# 
   144                           # 877 "C:\Program Files (x86)\HI-TECH Software\PICC-18\9.80\include\pic18f4520.h"
   145  0000                     TRISE equ 0F96h ;# 
   146                           # 882 "C:\Program Files (x86)\HI-TECH Software\PICC-18\9.80\include\pic18f4520.h"
   147  0000                     DDRE equ 0F96h ;# 
   148                           # 932 "C:\Program Files (x86)\HI-TECH Software\PICC-18\9.80\include\pic18f4520.h"
   149  0000                     OSCTUNE equ 0F9Bh ;# 
   150                           # 954 "C:\Program Files (x86)\HI-TECH Software\PICC-18\9.80\include\pic18f4520.h"
   151  0000                     PIE1 equ 0F9Dh ;# 
   152                           # 981 "C:\Program Files (x86)\HI-TECH Software\PICC-18\9.80\include\pic18f4520.h"
   153  0000                     PIR1 equ 0F9Eh ;# 
   154                           # 1017 "C:\Program Files (x86)\HI-TECH Software\PICC-18\9.80\include\pic18f4520.h"
   155  0000                     IPR1 equ 0F9Fh ;# 
   156                           # 1044 "C:\Program Files (x86)\HI-TECH Software\PICC-18\9.80\include\pic18f4520.h"
   157  0000                     PIE2 equ 0FA0h ;# 
   158                           # 1067 "C:\Program Files (x86)\HI-TECH Software\PICC-18\9.80\include\pic18f4520.h"
   159  0000                     PIR2 equ 0FA1h ;# 
   160                           # 1090 "C:\Program Files (x86)\HI-TECH Software\PICC-18\9.80\include\pic18f4520.h"
   161  0000                     IPR2 equ 0FA2h ;# 
   162                           # 1113 "C:\Program Files (x86)\HI-TECH Software\PICC-18\9.80\include\pic18f4520.h"
   163  0000                     EECON1 equ 0FA6h ;# 
   164                           # 1136 "C:\Program Files (x86)\HI-TECH Software\PICC-18\9.80\include\pic18f4520.h"
   165  0000                     EECON2 equ 0FA7h ;# 
   166                           # 1148 "C:\Program Files (x86)\HI-TECH Software\PICC-18\9.80\include\pic18f4520.h"
   167  0000                     EEDATA equ 0FA8h ;# 
   168                           # 1160 "C:\Program Files (x86)\HI-TECH Software\PICC-18\9.80\include\pic18f4520.h"
   169  0000                     EEADR equ 0FA9h ;# 
   170                           # 1172 "C:\Program Files (x86)\HI-TECH Software\PICC-18\9.80\include\pic18f4520.h"
   171  0000                     RCSTA equ 0FABh ;# 
   172                           # 1177 "C:\Program Files (x86)\HI-TECH Software\PICC-18\9.80\include\pic18f4520.h"
   173  0000                     RCSTA1 equ 0FABh ;# 
   174                           # 1225 "C:\Program Files (x86)\HI-TECH Software\PICC-18\9.80\include\pic18f4520.h"
   175  0000                     TXSTA equ 0FACh ;# 
   176                           # 1230 "C:\Program Files (x86)\HI-TECH Software\PICC-18\9.80\include\pic18f4520.h"
   177  0000                     TXSTA1 equ 0FACh ;# 
   178                           # 1324 "C:\Program Files (x86)\HI-TECH Software\PICC-18\9.80\include\pic18f4520.h"
   179  0000                     TXREG equ 0FADh ;# 
   180                           # 1329 "C:\Program Files (x86)\HI-TECH Software\PICC-18\9.80\include\pic18f4520.h"
   181  0000                     TXREG1 equ 0FADh ;# 
   182                           # 1347 "C:\Program Files (x86)\HI-TECH Software\PICC-18\9.80\include\pic18f4520.h"
   183  0000                     RCREG equ 0FAEh ;# 
   184                           # 1352 "C:\Program Files (x86)\HI-TECH Software\PICC-18\9.80\include\pic18f4520.h"
   185  0000                     RCREG1 equ 0FAEh ;# 
   186                           # 1370 "C:\Program Files (x86)\HI-TECH Software\PICC-18\9.80\include\pic18f4520.h"
   187  0000                     SPBRG equ 0FAFh ;# 
   188                           # 1375 "C:\Program Files (x86)\HI-TECH Software\PICC-18\9.80\include\pic18f4520.h"
   189  0000                     SPBRG1 equ 0FAFh ;# 
   190                           # 1393 "C:\Program Files (x86)\HI-TECH Software\PICC-18\9.80\include\pic18f4520.h"
   191  0000                     SPBRGH equ 0FB0h ;# 
   192                           # 1405 "C:\Program Files (x86)\HI-TECH Software\PICC-18\9.80\include\pic18f4520.h"
   193  0000                     T3CON equ 0FB1h ;# 
   194                           # 1446 "C:\Program Files (x86)\HI-TECH Software\PICC-18\9.80\include\pic18f4520.h"
   195  0000                     TMR3 equ 0FB2h ;# 
   196                           # 1458 "C:\Program Files (x86)\HI-TECH Software\PICC-18\9.80\include\pic18f4520.h"
   197  0000                     TMR3L equ 0FB2h ;# 
   198                           # 1470 "C:\Program Files (x86)\HI-TECH Software\PICC-18\9.80\include\pic18f4520.h"
   199  0000                     TMR3H equ 0FB3h ;# 
   200                           # 1482 "C:\Program Files (x86)\HI-TECH Software\PICC-18\9.80\include\pic18f4520.h"
   201  0000                     CMCON equ 0FB4h ;# 
   202                           # 1515 "C:\Program Files (x86)\HI-TECH Software\PICC-18\9.80\include\pic18f4520.h"
   203  0000                     CVRCON equ 0FB5h ;# 
   204                           # 1541 "C:\Program Files (x86)\HI-TECH Software\PICC-18\9.80\include\pic18f4520.h"
   205  0000                     ECCP1AS equ 0FB6h ;# 
   206                           # 1546 "C:\Program Files (x86)\HI-TECH Software\PICC-18\9.80\include\pic18f4520.h"
   207  0000                     ECCPAS equ 0FB6h ;# 
   208                           # 1588 "C:\Program Files (x86)\HI-TECH Software\PICC-18\9.80\include\pic18f4520.h"
   209  0000                     PWM1CON equ 0FB7h ;# 
   210                           # 1593 "C:\Program Files (x86)\HI-TECH Software\PICC-18\9.80\include\pic18f4520.h"
   211  0000                     ECCP1DEL equ 0FB7h ;# 
   212                           # 1631 "C:\Program Files (x86)\HI-TECH Software\PICC-18\9.80\include\pic18f4520.h"
   213  0000                     BAUDCON equ 0FB8h ;# 
   214                           # 1636 "C:\Program Files (x86)\HI-TECH Software\PICC-18\9.80\include\pic18f4520.h"
   215  0000                     BAUDCTL equ 0FB8h ;# 
   216                           # 1696 "C:\Program Files (x86)\HI-TECH Software\PICC-18\9.80\include\pic18f4520.h"
   217  0000                     CCP2CON equ 0FBAh ;# 
   218                           # 1722 "C:\Program Files (x86)\HI-TECH Software\PICC-18\9.80\include\pic18f4520.h"
   219  0000                     CCPR2 equ 0FBBh ;# 
   220                           # 1734 "C:\Program Files (x86)\HI-TECH Software\PICC-18\9.80\include\pic18f4520.h"
   221  0000                     CCPR2L equ 0FBBh ;# 
   222                           # 1746 "C:\Program Files (x86)\HI-TECH Software\PICC-18\9.80\include\pic18f4520.h"
   223  0000                     CCPR2H equ 0FBCh ;# 
   224                           # 1758 "C:\Program Files (x86)\HI-TECH Software\PICC-18\9.80\include\pic18f4520.h"
   225  0000                     CCP1CON equ 0FBDh ;# 
   226                           # 1787 "C:\Program Files (x86)\HI-TECH Software\PICC-18\9.80\include\pic18f4520.h"
   227  0000                     CCPR1 equ 0FBEh ;# 
   228                           # 1799 "C:\Program Files (x86)\HI-TECH Software\PICC-18\9.80\include\pic18f4520.h"
   229  0000                     CCPR1L equ 0FBEh ;# 
   230                           # 1811 "C:\Program Files (x86)\HI-TECH Software\PICC-18\9.80\include\pic18f4520.h"
   231  0000                     CCPR1H equ 0FBFh ;# 
   232                           # 1823 "C:\Program Files (x86)\HI-TECH Software\PICC-18\9.80\include\pic18f4520.h"
   233  0000                     ADCON2 equ 0FC0h ;# 
   234                           # 1846 "C:\Program Files (x86)\HI-TECH Software\PICC-18\9.80\include\pic18f4520.h"
   235  0000                     ADCON1 equ 0FC1h ;# 
   236                           # 1879 "C:\Program Files (x86)\HI-TECH Software\PICC-18\9.80\include\pic18f4520.h"
   237  0000                     ADCON0 equ 0FC2h ;# 
   238                           # 1934 "C:\Program Files (x86)\HI-TECH Software\PICC-18\9.80\include\pic18f4520.h"
   239  0000                     ADRES equ 0FC3h ;# 
   240                           # 1946 "C:\Program Files (x86)\HI-TECH Software\PICC-18\9.80\include\pic18f4520.h"
   241  0000                     ADRESL equ 0FC3h ;# 
   242                           # 1958 "C:\Program Files (x86)\HI-TECH Software\PICC-18\9.80\include\pic18f4520.h"
   243  0000                     ADRESH equ 0FC4h ;# 
   244                           # 1970 "C:\Program Files (x86)\HI-TECH Software\PICC-18\9.80\include\pic18f4520.h"
   245  0000                     SSPCON2 equ 0FC5h ;# 
   246                           # 1997 "C:\Program Files (x86)\HI-TECH Software\PICC-18\9.80\include\pic18f4520.h"
   247  0000                     SSPCON1 equ 0FC6h ;# 
   248                           # 2019 "C:\Program Files (x86)\HI-TECH Software\PICC-18\9.80\include\pic18f4520.h"
   249  0000                     SSPSTAT equ 0FC7h ;# 
   250                           # 2126 "C:\Program Files (x86)\HI-TECH Software\PICC-18\9.80\include\pic18f4520.h"
   251  0000                     SSPADD equ 0FC8h ;# 
   252                           # 2138 "C:\Program Files (x86)\HI-TECH Software\PICC-18\9.80\include\pic18f4520.h"
   253  0000                     SSPBUF equ 0FC9h ;# 
   254                           # 2150 "C:\Program Files (x86)\HI-TECH Software\PICC-18\9.80\include\pic18f4520.h"
   255  0000                     T2CON equ 0FCAh ;# 
   256                           # 2180 "C:\Program Files (x86)\HI-TECH Software\PICC-18\9.80\include\pic18f4520.h"
   257  0000                     PR2 equ 0FCBh ;# 
   258                           # 2185 "C:\Program Files (x86)\HI-TECH Software\PICC-18\9.80\include\pic18f4520.h"
   259  0000                     MEMCON equ 0FCBh ;# 
   260                           # 2203 "C:\Program Files (x86)\HI-TECH Software\PICC-18\9.80\include\pic18f4520.h"
   261  0000                     TMR2 equ 0FCCh ;# 
   262                           # 2215 "C:\Program Files (x86)\HI-TECH Software\PICC-18\9.80\include\pic18f4520.h"
   263  0000                     T1CON equ 0FCDh ;# 
   264                           # 2252 "C:\Program Files (x86)\HI-TECH Software\PICC-18\9.80\include\pic18f4520.h"
   265  0000                     TMR1 equ 0FCEh ;# 
   266                           # 2264 "C:\Program Files (x86)\HI-TECH Software\PICC-18\9.80\include\pic18f4520.h"
   267  0000                     TMR1L equ 0FCEh ;# 
   268                           # 2276 "C:\Program Files (x86)\HI-TECH Software\PICC-18\9.80\include\pic18f4520.h"
   269  0000                     TMR1H equ 0FCFh ;# 
   270                           # 2288 "C:\Program Files (x86)\HI-TECH Software\PICC-18\9.80\include\pic18f4520.h"
   271  0000                     RCON equ 0FD0h ;# 
   272                           # 2333 "C:\Program Files (x86)\HI-TECH Software\PICC-18\9.80\include\pic18f4520.h"
   273  0000                     WDTCON equ 0FD1h ;# 
   274                           # 2348 "C:\Program Files (x86)\HI-TECH Software\PICC-18\9.80\include\pic18f4520.h"
   275  0000                     HLVDCON equ 0FD2h ;# 
   276                           # 2353 "C:\Program Files (x86)\HI-TECH Software\PICC-18\9.80\include\pic18f4520.h"
   277  0000                     LVDCON equ 0FD2h ;# 
   278                           # 2423 "C:\Program Files (x86)\HI-TECH Software\PICC-18\9.80\include\pic18f4520.h"
   279  0000                     OSCCON equ 0FD3h ;# 
   280                           # 2448 "C:\Program Files (x86)\HI-TECH Software\PICC-18\9.80\include\pic18f4520.h"
   281  0000                     T0CON equ 0FD5h ;# 
   282                           # 2473 "C:\Program Files (x86)\HI-TECH Software\PICC-18\9.80\include\pic18f4520.h"
   283  0000                     TMR0 equ 0FD6h ;# 
   284                           # 2485 "C:\Program Files (x86)\HI-TECH Software\PICC-18\9.80\include\pic18f4520.h"
   285  0000                     TMR0L equ 0FD6h ;# 
   286                           # 2497 "C:\Program Files (x86)\HI-TECH Software\PICC-18\9.80\include\pic18f4520.h"
   287  0000                     TMR0H equ 0FD7h ;# 
   288                           # 2509 "C:\Program Files (x86)\HI-TECH Software\PICC-18\9.80\include\pic18f4520.h"
   289  0000                     STATUS equ 0FD8h ;# 
   290                           # 2540 "C:\Program Files (x86)\HI-TECH Software\PICC-18\9.80\include\pic18f4520.h"
   291  0000                     FSR2 equ 0FD9h ;# 
   292                           # 2552 "C:\Program Files (x86)\HI-TECH Software\PICC-18\9.80\include\pic18f4520.h"
   293  0000                     FSR2L equ 0FD9h ;# 
   294                           # 2564 "C:\Program Files (x86)\HI-TECH Software\PICC-18\9.80\include\pic18f4520.h"
   295  0000                     FSR2H equ 0FDAh ;# 
   296                           # 2576 "C:\Program Files (x86)\HI-TECH Software\PICC-18\9.80\include\pic18f4520.h"
   297  0000                     PLUSW2 equ 0FDBh ;# 
   298                           # 2588 "C:\Program Files (x86)\HI-TECH Software\PICC-18\9.80\include\pic18f4520.h"
   299  0000                     PREINC2 equ 0FDCh ;# 
   300                           # 2600 "C:\Program Files (x86)\HI-TECH Software\PICC-18\9.80\include\pic18f4520.h"
   301  0000                     POSTDEC2 equ 0FDDh ;# 
   302                           # 2612 "C:\Program Files (x86)\HI-TECH Software\PICC-18\9.80\include\pic18f4520.h"
   303  0000                     POSTINC2 equ 0FDEh ;# 
   304                           # 2624 "C:\Program Files (x86)\HI-TECH Software\PICC-18\9.80\include\pic18f4520.h"
   305  0000                     INDF2 equ 0FDFh ;# 
   306                           # 2636 "C:\Program Files (x86)\HI-TECH Software\PICC-18\9.80\include\pic18f4520.h"
   307  0000                     BSR equ 0FE0h ;# 
   308                           # 2648 "C:\Program Files (x86)\HI-TECH Software\PICC-18\9.80\include\pic18f4520.h"
   309  0000                     FSR1 equ 0FE1h ;# 
   310                           # 2660 "C:\Program Files (x86)\HI-TECH Software\PICC-18\9.80\include\pic18f4520.h"
   311  0000                     FSR1L equ 0FE1h ;# 
   312                           # 2672 "C:\Program Files (x86)\HI-TECH Software\PICC-18\9.80\include\pic18f4520.h"
   313  0000                     FSR1H equ 0FE2h ;# 
   314                           # 2684 "C:\Program Files (x86)\HI-TECH Software\PICC-18\9.80\include\pic18f4520.h"
   315  0000                     PLUSW1 equ 0FE3h ;# 
   316                           # 2696 "C:\Program Files (x86)\HI-TECH Software\PICC-18\9.80\include\pic18f4520.h"
   317  0000                     PREINC1 equ 0FE4h ;# 
   318                           # 2708 "C:\Program Files (x86)\HI-TECH Software\PICC-18\9.80\include\pic18f4520.h"
   319  0000                     POSTDEC1 equ 0FE5h ;# 
   320                           # 2720 "C:\Program Files (x86)\HI-TECH Software\PICC-18\9.80\include\pic18f4520.h"
   321  0000                     POSTINC1 equ 0FE6h ;# 
   322                           # 2732 "C:\Program Files (x86)\HI-TECH Software\PICC-18\9.80\include\pic18f4520.h"
   323  0000                     INDF1 equ 0FE7h ;# 
   324                           # 2744 "C:\Program Files (x86)\HI-TECH Software\PICC-18\9.80\include\pic18f4520.h"
   325  0000                     WREG equ 0FE8h ;# 
   326                           # 2767 "C:\Program Files (x86)\HI-TECH Software\PICC-18\9.80\include\pic18f4520.h"
   327  0000                     FSR0 equ 0FE9h ;# 
   328                           # 2779 "C:\Program Files (x86)\HI-TECH Software\PICC-18\9.80\include\pic18f4520.h"
   329  0000                     FSR0L equ 0FE9h ;# 
   330                           # 2791 "C:\Program Files (x86)\HI-TECH Software\PICC-18\9.80\include\pic18f4520.h"
   331  0000                     FSR0H equ 0FEAh ;# 
   332                           # 2803 "C:\Program Files (x86)\HI-TECH Software\PICC-18\9.80\include\pic18f4520.h"
   333  0000                     PLUSW0 equ 0FEBh ;# 
   334                           # 2815 "C:\Program Files (x86)\HI-TECH Software\PICC-18\9.80\include\pic18f4520.h"
   335  0000                     PREINC0 equ 0FECh ;# 
   336                           # 2827 "C:\Program Files (x86)\HI-TECH Software\PICC-18\9.80\include\pic18f4520.h"
   337  0000                     POSTDEC0 equ 0FEDh ;# 
   338                           # 2839 "C:\Program Files (x86)\HI-TECH Software\PICC-18\9.80\include\pic18f4520.h"
   339  0000                     POSTINC0 equ 0FEEh ;# 
   340                           # 2851 "C:\Program Files (x86)\HI-TECH Software\PICC-18\9.80\include\pic18f4520.h"
   341  0000                     INDF0 equ 0FEFh ;# 
   342                           # 2863 "C:\Program Files (x86)\HI-TECH Software\PICC-18\9.80\include\pic18f4520.h"
   343  0000                     INTCON3 equ 0FF0h ;# 
   344                           # 2892 "C:\Program Files (x86)\HI-TECH Software\PICC-18\9.80\include\pic18f4520.h"
   345  0000                     INTCON2 equ 0FF1h ;# 
   346                           # 2919 "C:\Program Files (x86)\HI-TECH Software\PICC-18\9.80\include\pic18f4520.h"
   347  0000                     INTCON equ 0FF2h ;# 
   348                           # 2983 "C:\Program Files (x86)\HI-TECH Software\PICC-18\9.80\include\pic18f4520.h"
   349  0000                     PROD equ 0FF3h ;# 
   350                           # 2995 "C:\Program Files (x86)\HI-TECH Software\PICC-18\9.80\include\pic18f4520.h"
   351  0000                     PRODL equ 0FF3h ;# 
   352                           # 3007 "C:\Program Files (x86)\HI-TECH Software\PICC-18\9.80\include\pic18f4520.h"
   353  0000                     PRODH equ 0FF4h ;# 
   354                           # 3019 "C:\Program Files (x86)\HI-TECH Software\PICC-18\9.80\include\pic18f4520.h"
   355  0000                     TABLAT equ 0FF5h ;# 
   356                           # 3031 "C:\Program Files (x86)\HI-TECH Software\PICC-18\9.80\include\pic18f4520.h"
   357  0000                     TBLPTR equ 0FF6h ;# 
   358                           # 3044 "C:\Program Files (x86)\HI-TECH Software\PICC-18\9.80\include\pic18f4520.h"
   359  0000                     TBLPTRL equ 0FF6h ;# 
   360                           # 3056 "C:\Program Files (x86)\HI-TECH Software\PICC-18\9.80\include\pic18f4520.h"
   361  0000                     TBLPTRH equ 0FF7h ;# 
   362                           # 3068 "C:\Program Files (x86)\HI-TECH Software\PICC-18\9.80\include\pic18f4520.h"
   363  0000                     TBLPTRU equ 0FF8h ;# 
   364                           # 3081 "C:\Program Files (x86)\HI-TECH Software\PICC-18\9.80\include\pic18f4520.h"
   365  0000                     PCLAT equ 0FF9h ;# 
   366                           # 3086 "C:\Program Files (x86)\HI-TECH Software\PICC-18\9.80\include\pic18f4520.h"
   367  0000                     PC equ 0FF9h ;# 
   368                           # 3104 "C:\Program Files (x86)\HI-TECH Software\PICC-18\9.80\include\pic18f4520.h"
   369  0000                     PCL equ 0FF9h ;# 
   370                           # 3116 "C:\Program Files (x86)\HI-TECH Software\PICC-18\9.80\include\pic18f4520.h"
   371  0000                     PCLATH equ 0FFAh ;# 
   372                           # 3128 "C:\Program Files (x86)\HI-TECH Software\PICC-18\9.80\include\pic18f4520.h"
   373  0000                     PCLATU equ 0FFBh ;# 
   374                           # 3140 "C:\Program Files (x86)\HI-TECH Software\PICC-18\9.80\include\pic18f4520.h"
   375  0000                     STKPTR equ 0FFCh ;# 
   376                           # 3164 "C:\Program Files (x86)\HI-TECH Software\PICC-18\9.80\include\pic18f4520.h"
   377  0000                     TOS equ 0FFDh ;# 
   378                           # 3176 "C:\Program Files (x86)\HI-TECH Software\PICC-18\9.80\include\pic18f4520.h"
   379  0000                     TOSL equ 0FFDh ;# 
   380                           # 3188 "C:\Program Files (x86)\HI-TECH Software\PICC-18\9.80\include\pic18f4520.h"
   381  0000                     TOSH equ 0FFEh ;# 
   382                           # 3200 "C:\Program Files (x86)\HI-TECH Software\PICC-18\9.80\include\pic18f4520.h"
   383  0000                     TOSU equ 0FFFh ;# 
   384                           	FNROOT	_main
   385                           	FNCALL	intlevel2,_chk_isr
   386                           	global	intlevel2
   387                           	FNROOT	intlevel2
   388                           	global	_PORTB
   389  0000                     _PORTB	set	0xF81
   390                           	global	_T1CON
   391  0000                     _T1CON	set	0xFCD
   392                           	global	_TMR1H
   393  0000                     _TMR1H	set	0xFCF
   394                           	global	_TMR1L
   395  0000                     _TMR1L	set	0xFCE
   396                           	global	_TRISB
   397  0000                     _TRISB	set	0xF93
   398                           	global	_GIE
   399  0000                     _GIE	set	0x7F97
   400                           	global	_PEIE
   401  0000                     _PEIE	set	0x7F96
   402                           	global	_RC4
   403  0000                     _RC4	set	0x7C14
   404                           	global	_RD4
   405  0000                     _RD4	set	0x7C1C
   406                           	global	_TMR1IE
   407  0000                     _TMR1IE	set	0x7CE8
   408                           	global	_TMR1IF
   409  0000                     _TMR1IF	set	0x7CF0
   410                           	global	_TMR1ON
   411  0000                     _TMR1ON	set	0x7E68
   412                           	global	_TRISC4
   413  0000                     _TRISC4	set	0x7CA4
   414                           	global	_TRISD4
   415  0000                     _TRISD4	set	0x7CAC
   416                           psect	intcode_body,class=CODE,space=0,reloc=2
   417                           global __pintcode_body
   418  00001C                     __pintcode_body:
   419                           ; #config settings
   420                           	file	"time.as"
   421                           	line	#
   422                           psect	cinit,class=CODE,delta=1,reloc=2
   423                           global __pcinit
   424  0000D0                     __pcinit:
   425                           global start_initialization
   426  0000D0                     start_initialization:
   427                           
   428                           psect cinit,class=CODE,delta=1
   429                           global end_of_initialization
   430                           
   431                           ;End of C runtime variable initialization code
   432                           
   433  0000D0                     end_of_initialization:
   434  0000D0  0100               movlb 0
   435  0000D2  EF4D  F000         goto _main	;jump to C main() function
   436                           psect	cstackCOMRAM,class=COMRAM,space=1
   437                           global __pcstackCOMRAM
   438  000001                     __pcstackCOMRAM:
   439                           	global	??_chk_isr
   440  000001                     ??_chk_isr:	; 0 bytes @ 0x0
   441                           	global	?_main
   442  000001                     ?_main:	; 2 bytes @ 0x0
   443                           	global	?_chk_isr
   444  000001                     ?_chk_isr:	; 2 bytes @ 0x0
   445  000001                     	ds   14
   446                           	global	??_main
   447  00000F                     ??_main:	; 0 bytes @ 0xE
   448                           ;!
   449                           ;!Data Sizes:
   450                           ;!    Strings     0
   451                           ;!    Constant    0
   452                           ;!    Data        0
   453                           ;!    BSS         0
   454                           ;!    Persistent  0
   455                           ;!    Stack       0
   456                           ;!
   457                           ;!Auto Spaces:
   458                           ;!    Space          Size  Autos    Used
   459                           ;!    COMRAM          127     14      14
   460                           ;!    BANK0           128      0       0
   461                           ;!    BANK1           256      0       0
   462                           ;!    BANK2           256      0       0
   463                           ;!    BANK3           256      0       0
   464                           ;!    BANK4           256      0       0
   465                           ;!    BANK5           256      0       0
   466                           
   467                           ;!
   468                           ;!Pointer List with Targets:
   469                           ;!
   470                           ;!    None.
   471                           
   472                           
   473                           ;!
   474                           ;!Critical Paths under _main in COMRAM
   475                           ;!
   476                           ;!    None.
   477                           ;!
   478                           ;!Critical Paths under _chk_isr in COMRAM
   479                           ;!
   480                           ;!    None.
   481                           ;!
   482                           ;!Critical Paths under _main in BANK0
   483                           ;!
   484                           ;!    None.
   485                           ;!
   486                           ;!Critical Paths under _chk_isr in BANK0
   487                           ;!
   488                           ;!    None.
   489                           ;!
   490                           ;!Critical Paths under _main in BANK1
   491                           ;!
   492                           ;!    None.
   493                           ;!
   494                           ;!Critical Paths under _chk_isr in BANK1
   495                           ;!
   496                           ;!    None.
   497                           ;!
   498                           ;!Critical Paths under _main in BANK2
   499                           ;!
   500                           ;!    None.
   501                           ;!
   502                           ;!Critical Paths under _chk_isr in BANK2
   503                           ;!
   504                           ;!    None.
   505                           ;!
   506                           ;!Critical Paths under _main in BANK3
   507                           ;!
   508                           ;!    None.
   509                           ;!
   510                           ;!Critical Paths under _chk_isr in BANK3
   511                           ;!
   512                           ;!    None.
   513                           ;!
   514                           ;!Critical Paths under _main in BANK4
   515                           ;!
   516                           ;!    None.
   517                           ;!
   518                           ;!Critical Paths under _chk_isr in BANK4
   519                           ;!
   520                           ;!    None.
   521                           ;!
   522                           ;!Critical Paths under _main in BANK5
   523                           ;!
   524                           ;!    None.
   525                           ;!
   526                           ;!Critical Paths under _chk_isr in BANK5
   527                           ;!
   528                           ;!    None.
   529                           
   530 ;;
   531 ;;Main: autosize = 0, tempsize = 0, incstack = 0, save=0
   532 ;;
   533                           
   534                           ;!
   535                           ;!Call Graph Tables:
   536                           ;!
   537                           ;! ---------------------------------------------------------------------------------
   538                           ;! (Depth) Function   	        Calls       Base Space   Used Autos Params    Refs
   539                           ;! ---------------------------------------------------------------------------------
   540                           ;! (0) _main                                                 0     0      0       0
   541                           ;! ---------------------------------------------------------------------------------
   542                           ;! Estimated maximum stack depth 0
   543                           ;! ---------------------------------------------------------------------------------
   544                           ;! (Depth) Function   	        Calls       Base Space   Used Autos Params    Refs
   545                           ;! ---------------------------------------------------------------------------------
   546                           ;! (1) _chk_isr                                             14    14      0       0
   547                           ;!                                              0 COMRAM    14    14      0
   548                           ;! ---------------------------------------------------------------------------------
   549                           ;! Estimated maximum stack depth 1
   550                           ;! ---------------------------------------------------------------------------------
   551                           ;!
   552                           ;! Call Graph Graphs:
   553                           ;!
   554                           ;! _main (ROOT)
   555                           ;!
   556                           ;! _chk_isr (ROOT)
   557                           ;!
   558                           
   559                           ;! Address spaces:
   560                           
   561                           ;!Name               Size   Autos  Total    Cost      Usage
   562                           ;!BITCOMRAM           7F      0       0       0        0.0%
   563                           ;!EEDATA             100      0       0       0        0.0%
   564                           ;!NULL                 0      0       0       0        0.0%
   565                           ;!CODE                 0      0       0       0        0.0%
   566                           ;!COMRAM              7F      E       E       1       11.0%
   567                           ;!STACK                0      0       0       2        0.0%
   568                           ;!DATA                 0      0       0       3        0.0%
   569                           ;!BITBANK0            80      0       0       4        0.0%
   570                           ;!BANK0               80      0       0       5        0.0%
   571                           ;!BITBANK1           100      0       0       6        0.0%
   572                           ;!BANK1              100      0       0       7        0.0%
   573                           ;!BITBANK2           100      0       0       8        0.0%
   574                           ;!BANK2              100      0       0       9        0.0%
   575                           ;!BITBANK3           100      0       0      10        0.0%
   576                           ;!BANK3              100      0       0      11        0.0%
   577                           ;!BITBANK4           100      0       0      12        0.0%
   578                           ;!BANK4              100      0       0      13        0.0%
   579                           ;!BANK5              100      0       0      14        0.0%
   580                           ;!ABS                  0      0       0      15        0.0%
   581                           ;!BITBANK5           100      0       0      16        0.0%
   582                           ;!BIGRAM             5FF      0       0      17        0.0%
   583                           ;!BITSFR               0      0       0      40        0.0%
   584                           ;!SFR                  0      0       0      40        0.0%
   585                           
   586                           	global	_main
   587                           
   588 ;; *************** function _main *****************
   589 ;; Defined at:
   590 ;;		line 2 in file "C:\Users\imaum\Documents\timer\timer_int.c"
   591 ;; Parameters:    Size  Location     Type
   592 ;;		None
   593 ;; Auto vars:     Size  Location     Type
   594 ;;		None
   595 ;; Return value:  Size  Location     Type
   596 ;;                  2   30[COMRAM] int 
   597 ;; Registers used:
   598 ;;		wreg, status,2
   599 ;; Tracked objects:
   600 ;;		On entry : 0/0
   601 ;;		On exit  : 0/0
   602 ;;		Unchanged: 0/0
   603 ;; Data sizes:     COMRAM   BANK0   BANK1   BANK2   BANK3   BANK4   BANK5
   604 ;;      Params:         0       0       0       0       0       0       0
   605 ;;      Locals:         0       0       0       0       0       0       0
   606 ;;      Temps:          0       0       0       0       0       0       0
   607 ;;      Totals:         0       0       0       0       0       0       0
   608 ;;Total ram usage:        0 bytes
   609 ;; Hardware stack levels required when called:    1
   610 ;; This function calls:
   611 ;;		Nothing
   612 ;; This function is called by:
   613 ;;		Startup code after reset
   614 ;; This function uses a non-reentrant model
   615 ;;
   616                           psect	text0,class=CODE,space=0,reloc=2
   617                           global __ptext0
   618  00009A                     __ptext0:
   619                           psect	text0
   620                           	file	"C:\Users\imaum\Documents\timer\timer_int.c"
   621                           	line	2
   622                           	global	__size_of_main
   623  0000                     	__size_of_main	equ	__end_of_main-_main
   624                           	
   625  00009A                     _main:
   626                           	opt	stack 30
   627                           	line	3
   628                           	
   629  00009A                     l617:
   630                           ;timer_int.c: 3: TRISB=0;
   631  00009A  0E00               	movlw	low(0)
   632  00009C  6E93               	movwf	((c:3987)),c	;volatile
   633                           	line	4
   634                           	
   635  00009E                     l619:
   636                           ;timer_int.c: 4: TRISC4=0;
   637  00009E  9894               	bcf	c:(31908/8),(31908)&7	;volatile
   638                           	line	5
   639                           	
   640  0000A0                     l621:
   641                           ;timer_int.c: 5: TRISD4=1;
   642  0000A0  8895               	bsf	c:(31916/8),(31916)&7	;volatile
   643                           	line	6
   644                           	
   645  0000A2                     l623:
   646                           ;timer_int.c: 6: RD4=1;
   647  0000A2  8883               	bsf	c:(31772/8),(31772)&7	;volatile
   648                           	line	7
   649                           ;timer_int.c: 7: T1CON=0x00;
   650  0000A4  0E00               	movlw	low(0)
   651  0000A6  6ECD               	movwf	((c:4045)),c	;volatile
   652                           	line	8
   653                           ;timer_int.c: 8: TMR1L=0x6D;
   654  0000A8  0E6D               	movlw	low(06Dh)
   655  0000AA  6ECE               	movwf	((c:4046)),c	;volatile
   656                           	line	9
   657                           ;timer_int.c: 9: TMR1H=0x84;
   658  0000AC  0E84               	movlw	low(084h)
   659  0000AE  6ECF               	movwf	((c:4047)),c	;volatile
   660                           	line	10
   661                           	
   662  0000B0                     l625:
   663                           ;timer_int.c: 10: TMR1ON=1;
   664  0000B0  80CD               	bsf	c:(32360/8),(32360)&7	;volatile
   665                           	line	11
   666                           	
   667  0000B2                     l627:
   668                           ;timer_int.c: 11: GIE=1;
   669  0000B2  8EF2               	bsf	c:(32663/8),(32663)&7	;volatile
   670                           	line	12
   671                           	
   672  0000B4                     l629:
   673                           ;timer_int.c: 12: PEIE=1;
   674  0000B4  8CF2               	bsf	c:(32662/8),(32662)&7	;volatile
   675                           	line	13
   676                           	
   677  0000B6                     l631:
   678                           ;timer_int.c: 13: TMR1IE=1;
   679  0000B6  809D               	bsf	c:(31976/8),(31976)&7	;volatile
   680                           	line	14
   681                           	
   682  0000B8                     l633:
   683                           ;timer_int.c: 14: PORTB=0xFF;
   684  0000B8  6881               	setf	((c:3969)),c	;volatile
   685  0000BA  D000               	goto	l635
   686                           	line	15
   687                           ;timer_int.c: 15: while(1){
   688                           	
   689  0000BC                     l31:
   690                           	line	16
   691                           	
   692  0000BC                     l635:
   693                           ;timer_int.c: 16: RC4=RD4;
   694  0000BC  B883               	btfsc	c:(31772/8),(31772)&7	;volatile
   695  0000BE  D001               	goto	u11
   696  0000C0  D002               	goto	u10
   697  0000C2                     u11:
   698  0000C2  8882               	bsf	c:(31764/8),(31764)&7	;volatile
   699  0000C4  D001               	goto	u25
   700  0000C6                     u10:
   701  0000C6  9882               	bcf	c:(31764/8),(31764)&7	;volatile
   702  0000C8                     u25:
   703  0000C8  D7F9               	goto	l635
   704                           	line	17
   705                           	
   706  0000CA                     l32:
   707                           	line	15
   708  0000CA  D7F8               	goto	l635
   709                           	
   710  0000CC                     l33:
   711                           	line	18
   712                           	
   713  0000CC                     l34:
   714                           	global	start
   715  0000CC  EF0C  F000         	goto	start
   716                           	opt stack 0
   717                           GLOBAL	__end_of_main
   718  0000D0                     	__end_of_main:
   719                           	signat	_main,90
   720                           	global	_chk_isr
   721                           
   722 ;; *************** function _chk_isr *****************
   723 ;; Defined at:
   724 ;;		line 19 in file "C:\Users\imaum\Documents\timer\timer_int.c"
   725 ;; Parameters:    Size  Location     Type
   726 ;;		None
   727 ;; Auto vars:     Size  Location     Type
   728 ;;		None
   729 ;; Return value:  Size  Location     Type
   730 ;;                  2   36[COMRAM] int 
   731 ;; Registers used:
   732 ;;		wreg, status,2, status,0
   733 ;; Tracked objects:
   734 ;;		On entry : 0/0
   735 ;;		On exit  : 0/0
   736 ;;		Unchanged: 0/0
   737 ;; Data sizes:     COMRAM   BANK0   BANK1   BANK2   BANK3   BANK4   BANK5
   738 ;;      Params:         0       0       0       0       0       0       0
   739 ;;      Locals:         0       0       0       0       0       0       0
   740 ;;      Temps:         14       0       0       0       0       0       0
   741 ;;      Totals:        14       0       0       0       0       0       0
   742 ;;Total ram usage:       14 bytes
   743 ;; Hardware stack levels used:    1
   744 ;; This function calls:
   745 ;;		Nothing
   746 ;; This function is called by:
   747 ;;		Interrupt level 2
   748 ;; This function uses a non-reentrant model
   749 ;;
   750                           psect	intcode,class=CODE,space=0,reloc=2
   751                           global __pintcode
   752  000008                     __pintcode:
   753                           psect	intcode
   754                           	file	"C:\Users\imaum\Documents\timer\timer_int.c"
   755                           	line	19
   756                           	global	__size_of_chk_isr
   757  0000                     	__size_of_chk_isr	equ	__end_of_chk_isr-_chk_isr
   758                           	
   759  000008                     _chk_isr:
   760                           	opt	stack 30
   761  000008  CFFA F001          	movff	pclat+0,??_chk_isr+0
   762  00000C  CFFB F002          	movff	pclat+1,??_chk_isr+1
   763  000010  CFE9 F003          	movff	fsr0l+0,??_chk_isr+2
   764                           	global	int_func
   765  000014  ED0E  F000         	call	int_func,f	;refresh shadow registers
   766                           psect	intcode_body
   767  00001C                     int_func:
   768                           
   769  00001C  0006               	pop	; remove dummy address from shadow register refresh
   770  00001E  CFEA F004          	movff	fsr0h+0,??_chk_isr+3
   771  000022  CFE1 F005          	movff	fsr1l+0,??_chk_isr+4
   772  000026  CFE2 F006          	movff	fsr1h+0,??_chk_isr+5
   773  00002A  CFD9 F007          	movff	fsr2l+0,??_chk_isr+6
   774  00002E  CFDA F008          	movff	fsr2h+0,??_chk_isr+7
   775  000032  CFF3 F009          	movff	prodl+0,??_chk_isr+8
   776  000036  CFF4 F00A          	movff	prodh+0,??_chk_isr+9
   777  00003A  CFF6 F00B          	movff	tblptrl+0,??_chk_isr+10
   778  00003E  CFF7 F00C          	movff	tblptrh+0,??_chk_isr+11
   779  000042  CFF8 F00D          	movff	tblptru+0,??_chk_isr+12
   780  000046  CFF5 F00E          	movff	tablat+0,??_chk_isr+13
   781                           	line	20
   782                           	
   783  00004A                     i2l637:
   784                           ;timer_int.c: 20: if(TMR1IF==1){
   785  00004A  A09E               	btfss	c:(31984/8),(31984)&7	;volatile
   786  00004C  D001               	goto	i2u3_41
   787  00004E  D001               	goto	i2u3_40
   788  000050                     i2u3_41:
   789  000050  D007               	goto	i2l38
   790  000052                     i2u3_40:
   791                           	line	21
   792                           	
   793  000052                     i2l639:
   794                           ;timer_int.c: 21: PORTB=~PORTB;
   795  000052  1E81               	comf	((c:3969)),c	;volatile
   796                           	line	22
   797                           	
   798  000054                     i2l641:
   799                           ;timer_int.c: 22: TMR1L=0x6D;
   800  000054  0E6D               	movlw	low(06Dh)
   801  000056  6ECE               	movwf	((c:4046)),c	;volatile
   802                           	line	23
   803                           	
   804  000058                     i2l643:
   805                           ;timer_int.c: 23: TMR1H=0x84;
   806  000058  0E84               	movlw	low(084h)
   807  00005A  6ECF               	movwf	((c:4047)),c	;volatile
   808                           	line	24
   809                           	
   810  00005C                     i2l645:
   811                           ;timer_int.c: 24: TMR1IF=0;
   812  00005C  909E               	bcf	c:(31984/8),(31984)&7	;volatile
   813  00005E  D000               	goto	i2l38
   814                           	line	25
   815                           	
   816  000060                     i2l37:
   817                           	line	26
   818                           	
   819  000060                     i2l38:
   820  000060  C00E  FFF5         	movff	??_chk_isr+13,tablat+0
   821  000064  C00D  FFF8         	movff	??_chk_isr+12,tblptru+0
   822  000068  C00C  FFF7         	movff	??_chk_isr+11,tblptrh+0
   823  00006C  C00B  FFF6         	movff	??_chk_isr+10,tblptrl+0
   824  000070  C00A  FFF4         	movff	??_chk_isr+9,prodh+0
   825  000074  C009  FFF3         	movff	??_chk_isr+8,prodl+0
   826  000078  C008  FFDA         	movff	??_chk_isr+7,fsr2h+0
   827  00007C  C007  FFD9         	movff	??_chk_isr+6,fsr2l+0
   828  000080  C006  FFE2         	movff	??_chk_isr+5,fsr1h+0
   829  000084  C005  FFE1         	movff	??_chk_isr+4,fsr1l+0
   830  000088  C004  FFEA         	movff	??_chk_isr+3,fsr0h+0
   831  00008C  C003  FFE9         	movff	??_chk_isr+2,fsr0l+0
   832  000090  C002  FFFB         	movff	??_chk_isr+1,pclat+1
   833  000094  C001  FFFA         	movff	??_chk_isr+0,pclat+0
   834  000098  0011               	retfie f
   835                           	opt stack 0
   836                           GLOBAL	__end_of_chk_isr
   837  00009A                     	__end_of_chk_isr:
   838                           	signat	_chk_isr,90
   839                           	GLOBAL	__activetblptr
   840  0000                     __activetblptr	EQU	0
   841                           	psect	intsave_regs,class=BIGRAM,space=1
   842                           psect	intcode_body
   843                           	PSECT	rparam,class=COMRAM,space=1
   844                           	GLOBAL	__Lrparam
   845                           	FNCONF	rparam,??,?
   846                           GLOBAL	__Lparam, __Hparam
   847                           GLOBAL	__Lrparam, __Hrparam
   848  0000                     __Lparam	EQU	__Lrparam
   849  0000                     __Hparam	EQU	__Hrparam


Data Sizes:
    Strings     0
    Constant    0
    Data        0
    BSS         0
    Persistent  0
    Stack       0

Auto Spaces:
    Space          Size  Autos    Used
    COMRAM          127     14      14
    BANK0           128      0       0
    BANK1           256      0       0
    BANK2           256      0       0
    BANK3           256      0       0
    BANK4           256      0       0
    BANK5           256      0       0

Pointer List with Targets:

    None.

Critical Paths under _main in COMRAM

    None.

Critical Paths under _chk_isr in COMRAM

    None.

Critical Paths under _main in BANK0

    None.

Critical Paths under _chk_isr in BANK0

    None.

Critical Paths under _main in BANK1

    None.

Critical Paths under _chk_isr in BANK1

    None.

Critical Paths under _main in BANK2

    None.

Critical Paths under _chk_isr in BANK2

    None.

Critical Paths under _main in BANK3

    None.

Critical Paths under _chk_isr in BANK3

    None.

Critical Paths under _main in BANK4

    None.

Critical Paths under _chk_isr in BANK4

    None.

Critical Paths under _main in BANK5

    None.

Critical Paths under _chk_isr in BANK5

    None.

Call Graph Tables:

 ---------------------------------------------------------------------------------
 (Depth) Function   	        Calls       Base Space   Used Autos Params    Refs
 ---------------------------------------------------------------------------------
 (0) _main                                                 0     0      0       0
 ---------------------------------------------------------------------------------
 Estimated maximum stack depth 0
 ---------------------------------------------------------------------------------
 (Depth) Function   	        Calls       Base Space   Used Autos Params    Refs
 ---------------------------------------------------------------------------------
 (1) _chk_isr                                             14    14      0       0
                                              0 COMRAM    14    14      0
 ---------------------------------------------------------------------------------
 Estimated maximum stack depth 1
 ---------------------------------------------------------------------------------

 Call Graph Graphs:

 _main (ROOT)

 _chk_isr (ROOT)

 Address spaces:
Name               Size   Autos  Total    Cost      Usage
BITCOMRAM           7F      0       0       0        0.0%
EEDATA             100      0       0       0        0.0%
NULL                 0      0       0       0        0.0%
CODE                 0      0       0       0        0.0%
COMRAM              7F      E       E       1       11.0%
STACK                0      0       0       2        0.0%
DATA                 0      0       0       3        0.0%
BITBANK0            80      0       0       4        0.0%
BANK0               80      0       0       5        0.0%
BITBANK1           100      0       0       6        0.0%
BANK1              100      0       0       7        0.0%
BITBANK2           100      0       0       8        0.0%
BANK2              100      0       0       9        0.0%
BITBANK3           100      0       0      10        0.0%
BANK3              100      0       0      11        0.0%
BITBANK4           100      0       0      12        0.0%
BANK4              100      0       0      13        0.0%
BANK5              100      0       0      14        0.0%
ABS                  0      0       0      15        0.0%
BITBANK5           100      0       0      16        0.0%
BIGRAM             5FF      0       0      17        0.0%
BITSFR               0      0       0      40        0.0%
SFR                  0      0       0      40        0.0%


HI-TECH Software PICC-18 Macro Assembler V9.80 build 11162 
Symbol Table                                                                                   Sat Mar 13 20:00:07 2021

                  l31 00BC                    l32 00CA                    l33 00CC                    l34 00CC  
                  u10 00C6                    u11 00C2                    u25 00C8                   l621 00A0  
                 l631 00B6                   l623 00A2                   l633 00B8                   l625 00B0  
                 l617 009A                   l635 00BC                   l627 00B2                   l619 009E  
                 l629 00B4                   _GIE 007F97                   _RC4 007C14                   _RD4 007C1C  
                _PEIE 007F96                  i2l37 0060                  i2l38 0060                  _main 009A  
                fsr0h 000FEA                  fsr1h 000FE2                  fsr0l 000FE9                  fsr2h 000FDA  
                fsr1l 000FE1                  fsr2l 000FD9                  pclat 000FFA                  prodh 000FF4  
                prodl 000FF3                  start 0018                 ?_main 0001                 _T1CON 000FCD  
               i2l641 0054                 i2l643 0058                 i2l645 005C                 i2l637 004A  
               i2l639 0052                 _TMR1H 000FCF                 _TMR1L 000FCE                 _PORTB 000F81  
               _TRISB 000F93       __end_of_chk_isr 009A                 tablat 000FF5          __end_of_main 00D0  
              ??_main 000F         __activetblptr 000000                _TMR1IE 007CE8                _TMR1IF 007CF0  
              _TMR1ON 007E68                i2u3_40 0052                i2u3_41 0050                _TRISC4 007CA4  
              _TRISD4 007CAC             ??_chk_isr 0001                tblptrh 000FF7                tblptrl 000FF6  
              tblptru 000FF8            __accesstop 0080        __pcstackCOMRAM 0001               __Hparam 0000  
             __Lparam 0000               __pcinit 00D0               _chk_isr 0008               __ramtop 0600  
             __ptext0 009A        __pintcode_body 001C  end_of_initialization 00D0               int_func 001C  
 start_initialization 00D0             __pintcode 0008              ?_chk_isr 0001              __Hrparam 0000  
            __Lrparam 0000      __size_of_chk_isr 0092         __size_of_main 0036              intlevel2 0000  
