HI-TECH Software PICC-18 Compiler V9.80 ()

Linker command line:

--edf=C:\Program Files (x86)\HI-TECH Software\PICC-18\9.80\dat\en_msgs.txt \
  -cs -h+rbif.sym -z -Q18F4520 -ol.obj -Mrbif.map -E1 -ver=PICC-18 \
  -ACODE=00h-07FFFh -ACONST=00h-07FFFh -ASMALLCONST=0600h-06FFhx122 \
  -AMEDIUMCONST=0600h-07FFFh -ACOMRAM=01h-07Fh -AABS1=00h-05FFh \
  -ABIGRAM=01h-05FFh -ARAM=080h-0FFh,0100h-01FFhx5 -ABANK0=080h-0FFh \
  -ABANK1=0100h-01FFh -ABANK2=0200h-02FFh -ABANK3=0300h-03FFh \
  -ABANK4=0400h-04FFh -ABANK5=0500h-05FFh -ASFR=0F80h-0FFFh \
  -preset_vec=00h,intcode=08h,intcodelo,powerup,init,end_init \
  -pramtop=0600h -psmallconst=SMALLCONST -pmediumconst=MEDIUMCONST \
  -pconst=CONST -AFARRAM=00h-00h -ACONFIG=0300000h-030000Dh -pconfig=CONFIG \
  -AIDLOC=0200000h-0200007h -pidloc=IDLOC -AEEDATA=0F00000h-0F000FFh \
  -peeprom_data=EEDATA \
  -prdata=COMRAM,nvrram=COMRAM,nvbit=COMRAM,rbss=COMRAM,rbit=COMRAM \
  -pfarbss=FARRAM,fardata=FARRAM \
  -pintsave_regs=BIGRAM,bigbss=BIGRAM,bigdata=BIGRAM -pbss=RAM \
  -pidata=CODE,irdata=CODE,ibigdata=CODE,ifardata=CODE startup.obj rbif.obj 

Object code version is 3.10

Machine type is 18F4520

Call graph: (short form)




                Name          Link     Load   Length Selector   Space       Scale
startup.obj     end_init        18       18        4       4     0
                reset_vec        0        0        4       0     0
rbif.obj        intcode          8        8       10       4     0
                text0           AC       AC       18       4     0
                cstackCOM        1        1        E       1     1
                cinit           C4       C4        6       4     0
                intcode_b       1C       1C       90       4     0

TOTAL           Name          Link     Load   Length     Space
        CLASS   CODE           
                end_init        18       18        4     0
                intcode          8        8       10     0
                reset_vec        0        0        4     0
                text0           AC       AC       18     0
                cinit           C4       C4        6     0
                intcode_b       1C       1C       90     0

        CLASS   CONST          

        CLASS   SMALLCONST     

        CLASS   MEDIUMCONST    

        CLASS   COMRAM         
                cstackCOM        1        1        E     1

        CLASS   ABS1           

        CLASS   BIGRAM         

        CLASS   RAM            

        CLASS   BANK0          

        CLASS   BANK1          

        CLASS   BANK2          

        CLASS   BANK3          

        CLASS   BANK4          

        CLASS   BANK5          

        CLASS   SFR            

        CLASS   FARRAM         

        CLASS   CONFIG         

        CLASS   IDLOC          

        CLASS   EEDATA         



SEGMENTS        Name            Load    Length   Top    Selector   Space  Class

                reset_vec       000000  000004  000004         0       0  CODE    
                cstackCOMRAM    000001  00000E  00000F         1       1  COMRAM  
                intcode         000008  0000C2  0000CA         4       0  CODE    


UNUSED ADDRESS RANGES

        Name                Unused          Largest block    Delta
        BANK0            0080-00FF             80
        BANK1            0100-01FF            100
        BANK2            0200-02FF            100
        BANK3            0300-03FF            100
        BANK4            0400-04FF            100
        BANK5            0500-05FF            100
        BIGRAM           000F-05FF            5F1
        CODE             0004-0007              4
                         00CA-7FFF           7F36
        COMRAM           000F-007F             71
        CONFIG           300000-30000D              E
        CONST            0004-0007              4
                         00CA-7FFF           7F36
        EEDATA           F00000-F000FF            100
        IDLOC            200000-200007              8
        MEDIUMCONST      0600-7FFF           7A00
        RAM              0080-05FF            100
        SFR              0F80-0FFF             80
        SMALLCONST       0600-7FFF            100

                                  Symbol Table

??_chk_isr            cstackCOMRAM 0001
??_main               cstackCOMRAM 000F
?_chk_isr             cstackCOMRAM 0001
?_main                cstackCOMRAM 0001
_GIE                  (abs)        7F97
_PORTC                (abs)        0F82
_PORTD                (abs)        0F83
_RB4                  (abs)        7C0C
_RB5                  (abs)        7C0D
_RBIE                 (abs)        7F93
_RBIF                 (abs)        7F90
_RC1                  (abs)        7C11
_RC2                  (abs)        7C12
_TRISB4               (abs)        7C9C
_TRISB5               (abs)        7C9D
_TRISC1               (abs)        7CA1
_TRISC2               (abs)        7CA2
_TRISD7               (abs)        7CAF
__HRAM                (abs)        0000
__Habs1               abs1         0000
__Hbank0              bank0        0000
__Hbank1              bank1        0000
__Hbank2              bank2        0000
__Hbank3              bank3        0000
__Hbank4              bank4        0000
__Hbank5              bank5        0000
__Hbigbss             bigbss       0000
__Hbigdata            bigdata      0000
__Hbigram             bigram       0000
__Hbss                bss          0000
__Hcinit              cinit        0000
__Hclrtext            clrtext      0000
__Hcomram             comram       0000
__Hconfig             config       0000
__Hconst              const        0000
__HcstackCOMRAM       cstackCOMRAM 0000
__Hdata               data         0000
__Heeprom_data        eeprom_data  0000
__Hend_init           end_init     001C
__Hfarbss             farbss       0000
__Hfardata            fardata      0000
__Hibigdata           ibigdata     0000
__Hidata              idata        0000
__Hidloc              idloc        0000
__Hifardata           ifardata     0000
__Hinit               init         0018
__Hintcode            intcode      0018
__Hintcode_body       intcode_body 0000
__Hintcodelo          intcodelo    0018
__Hintentry           intentry     0000
__Hintret             intret       0000
__Hintsave_regs       intsave_regs 0000
__Hirdata             irdata       0000
__Hmediumconst        mediumconst  0000
__Hnvbit              nvbit        0000
__Hnvrram             nvrram       0000
__Hparam              rparam       0000
__Hpowerup            powerup      0018
__Hram                ram          0000
__Hramtop             ramtop       0600
__Hrbit               rbit         0000
__Hrbss               rbss         0000
__Hrdata              rdata        0000
__Hreset_vec          reset_vec    0004
__Hrparam             rparam       0000
__Hsfr                sfr          0000
__Hsmallconst         smallconst   0000
__Hstruct             struct       0000
__Htemp               temp         0000
__Htext               text         0000
__Htext0              text0        0000
__LRAM                (abs)        0001
__Labs1               abs1         0000
__Lbank0              bank0        0000
__Lbank1              bank1        0000
__Lbank2              bank2        0000
__Lbank3              bank3        0000
__Lbank4              bank4        0000
__Lbank5              bank5        0000
__Lbigbss             bigbss       0000
__Lbigdata            bigdata      0000
__Lbigram             bigram       0000
__Lbss                bss          0000
__Lcinit              cinit        0000
__Lclrtext            clrtext      0000
__Lcomram             comram       0000
__Lconfig             config       0000
__Lconst              const        0000
__LcstackCOMRAM       cstackCOMRAM 0000
__Ldata               data         0000
__Leeprom_data        eeprom_data  0000
__Lend_init           end_init     0018
__Lfarbss             farbss       0000
__Lfardata            fardata      0000
__Libigdata           ibigdata     0000
__Lidata              idata        0000
__Lidloc              idloc        0000
__Lifardata           ifardata     0000
__Linit               init         0018
__Lintcode            intcode      0008
__Lintcode_body       intcode_body 0000
__Lintcodelo          intcodelo    0018
__Lintentry           intentry     0000
__Lintret             intret       0000
__Lintsave_regs       intsave_regs 0000
__Lirdata             irdata       0000
__Lmediumconst        mediumconst  0000
__Lnvbit              nvbit        0000
__Lnvrram             nvrram       0000
__Lparam              rparam       0000
__Lpowerup            powerup      0018
__Lram                ram          0000
__Lramtop             ramtop       0600
__Lrbit               rbit         0000
__Lrbss               rbss         0000
__Lrdata              rdata        0000
__Lreset_vec          reset_vec    0000
__Lrparam             rparam       0000
__Lsfr                sfr          0000
__Lsmallconst         smallconst   0000
__Lstruct             struct       0000
__Ltemp               temp         0000
__Ltext               text         0000
__Ltext0              text0        0000
__S0                  (abs)        00CA
__S1                  (abs)        000F
__accesstop           (abs)        0080
__activetblptr        (abs)        0000
__end_of_chk_isr      intcode_body 00AC
__end_of_main         text0        00C4
__mediumconst         mediumconst  0000
__pcinit              cinit        00C4
__pcstackCOMRAM       cstackCOMRAM 0001
__pintcode            intcode      0008
__pintcode_body       intcode_body 001C
__ptext0              text0        00AC
__ramtop              ramtop       0600
__size_of_chk_isr     (abs)        0000
__size_of_main        (abs)        0000
__smallconst          smallconst   0000
_chk_isr              intcode      0008
_main                 text0        00AC
end_of_initialization cinit        00C4
int_func              intcode_body 001C
intlevel0             text         0000
intlevel1             text         0000
intlevel2             text         0000
intlevel3             text         0000
start                 init         0018
start_initialization  cinit        00C4
